Archive member included because of file (symbol)

libbb/lib.a(appletlib.o)      /usr/lib/gcc/x86_64-linux-gnu/4.3.2/../../../../lib/crt1.o (main)
libbb/lib.a(bb_basename.o)    libbb/lib.a(appletlib.o) (bb_basename)
libbb/lib.a(bb_strtonum.o)    libbb/lib.a(appletlib.o) (bb_strtoull)
libbb/lib.a(concat_path_file.o)
                              libbb/lib.a(appletlib.o) (concat_path_file)
libbb/lib.a(default_error_retval.o)
                              libbb/lib.a(appletlib.o) (xfunc_error_retval)
libbb/lib.a(error_msg_and_die.o)
                              libbb/lib.a(appletlib.o) (bb_error_msg_and_die)
libbb/lib.a(full_write.o)     libbb/lib.a(appletlib.o) (full_write)
libbb/lib.a(get_last_path_component.o)
                              libbb/lib.a(appletlib.o) (bb_get_last_path_component_nostrip)
libbb/lib.a(last_char_is.o)   libbb/lib.a(concat_path_file.o) (last_char_is)
libbb/lib.a(messages.o)       libbb/lib.a(appletlib.o) (bb_banner)
libbb/lib.a(perror_msg.o)     libbb/lib.a(appletlib.o) (bb_simple_perror_msg)
libbb/lib.a(perror_msg_and_die.o)
                              libbb/lib.a(appletlib.o) (bb_perror_msg_and_die)
libbb/lib.a(ptr_to_globals.o)
                              libbb/lib.a(appletlib.o) (bb_errno)
libbb/lib.a(safe_write.o)     libbb/lib.a(full_write.o) (safe_write)
libbb/lib.a(skip_whitespace.o)
                              libbb/lib.a(appletlib.o) (skip_whitespace)
libbb/lib.a(verror_msg.o)     libbb/lib.a(error_msg_and_die.o) (bb_verror_msg)
libbb/lib.a(wfopen.o)         libbb/lib.a(appletlib.o) (fopen_for_read)
libbb/lib.a(xfunc_die.o)      libbb/lib.a(appletlib.o) (xfunc_die)
libbb/lib.a(xfuncs.o)         libbb/lib.a(appletlib.o) (get_terminal_width_height)
libbb/lib.a(xfuncs_printf.o)  libbb/lib.a(appletlib.o) (xsetuid)
libbb/lib.a(xreadlink.o)      libbb/lib.a(appletlib.o) (xmalloc_readlink)
libbb/lib.a(copyfd.o)         libbb/lib.a(xfuncs_printf.o) (bb_copyfd_eof)
libbb/lib.a(error_msg.o)      libbb/lib.a(xfuncs_printf.o) (bb_error_msg)
libbb/lib.a(read.o)           libbb/lib.a(copyfd.o) (safe_read)
libbb/lib.a(safe_poll.o)      libbb/lib.a(read.o) (safe_poll)
libpwdgrp/lib.a(pwd_grp.o)    libbb/lib.a(appletlib.o) (bb_internal_getgrnam)
loginutils/lib.a(addgroup.o)  libbb/lib.a(appletlib.o) (addgroup_main)
loginutils/lib.a(adduser.o)   libbb/lib.a(appletlib.o) (adduser_main)
loginutils/lib.a(chpasswd.o)  libbb/lib.a(appletlib.o) (chpasswd_main)
loginutils/lib.a(cryptpw.o)   libbb/lib.a(appletlib.o) (cryptpw_main)
loginutils/lib.a(deluser.o)   libbb/lib.a(appletlib.o) (deluser_main)
loginutils/lib.a(getty.o)     libbb/lib.a(appletlib.o) (getty_main)
loginutils/lib.a(login.o)     libbb/lib.a(appletlib.o) (login_main)
loginutils/lib.a(passwd.o)    libbb/lib.a(appletlib.o) (passwd_main)
loginutils/lib.a(su.o)        libbb/lib.a(appletlib.o) (su_main)
loginutils/lib.a(sulogin.o)   libbb/lib.a(appletlib.o) (sulogin_main)
loginutils/lib.a(vlock.o)     libbb/lib.a(appletlib.o) (vlock_main)
mailutils/lib.a(mime.o)       libbb/lib.a(appletlib.o) (reformime_main)
mailutils/lib.a(popmaildir.o)
                              libbb/lib.a(appletlib.o) (popmaildir_main)
mailutils/lib.a(sendmail.o)   libbb/lib.a(appletlib.o) (sendmail_main)
mailutils/lib.a(mail.o)       mailutils/lib.a(popmaildir.o) (get_cred_or_die)
miscutils/lib.a(adjtimex.o)   libbb/lib.a(appletlib.o) (adjtimex_main)
miscutils/lib.a(chat.o)       libbb/lib.a(appletlib.o) (chat_main)
miscutils/lib.a(chrt.o)       libbb/lib.a(appletlib.o) (chrt_main)
miscutils/lib.a(crond.o)      libbb/lib.a(appletlib.o) (crond_main)
miscutils/lib.a(crontab.o)    libbb/lib.a(appletlib.o) (crontab_main)
miscutils/lib.a(dc.o)         libbb/lib.a(appletlib.o) (dc_main)
miscutils/lib.a(devmem.o)     libbb/lib.a(appletlib.o) (devmem_main)
miscutils/lib.a(eject.o)      libbb/lib.a(appletlib.o) (eject_main)
miscutils/lib.a(fbsplash.o)   libbb/lib.a(appletlib.o) (fbsplash_main)
miscutils/lib.a(hdparm.o)     libbb/lib.a(appletlib.o) (hdparm_main)
miscutils/lib.a(last_fancy.o)
                              libbb/lib.a(appletlib.o) (last_main)
miscutils/lib.a(less.o)       libbb/lib.a(appletlib.o) (less_main)
miscutils/lib.a(makedevs.o)   libbb/lib.a(appletlib.o) (makedevs_main)
miscutils/lib.a(man.o)        libbb/lib.a(appletlib.o) (man_main)
miscutils/lib.a(microcom.o)   libbb/lib.a(appletlib.o) (microcom_main)
miscutils/lib.a(mountpoint.o)
                              libbb/lib.a(appletlib.o) (mountpoint_main)
miscutils/lib.a(mt.o)         libbb/lib.a(appletlib.o) (mt_main)
miscutils/lib.a(raidautorun.o)
                              libbb/lib.a(appletlib.o) (raidautorun_main)
miscutils/lib.a(readahead.o)  libbb/lib.a(appletlib.o) (readahead_main)
miscutils/lib.a(runlevel.o)   libbb/lib.a(appletlib.o) (runlevel_main)
miscutils/lib.a(rx.o)         libbb/lib.a(appletlib.o) (rx_main)
miscutils/lib.a(setsid.o)     libbb/lib.a(appletlib.o) (setsid_main)
miscutils/lib.a(strings.o)    libbb/lib.a(appletlib.o) (strings_main)
[...]
Memory Configuration

Name             Origin             Length             Attributes
*default*        0x0000000000000000 0xffffffffffffffff

Linker script and memory map

LOAD /usr/lib/gcc/x86_64-linux-gnu/4.3.2/../../../../lib/crt1.o
LOAD /usr/lib/gcc/x86_64-linux-gnu/4.3.2/../../../../lib/crti.o
LOAD /usr/lib/gcc/x86_64-linux-gnu/4.3.2/crtbegin.o
START GROUP
LOAD applets/built-in.o
LOAD archival/lib.a
LOAD archival/libunarchive/lib.a
LOAD console-tools/lib.a
LOAD coreutils/lib.a
LOAD coreutils/libcoreutils/lib.a
LOAD debianutils/lib.a
LOAD e2fsprogs/lib.a
LOAD editors/lib.a
LOAD findutils/lib.a
LOAD init/lib.a
LOAD libbb/lib.a
LOAD libpwdgrp/lib.a
LOAD loginutils/lib.a
LOAD mailutils/lib.a
LOAD miscutils/lib.a
LOAD modutils/lib.a
LOAD networking/lib.a
LOAD networking/libiproute/lib.a
LOAD networking/udhcp/lib.a
LOAD printutils/lib.a
LOAD procps/lib.a
LOAD runit/lib.a
LOAD selinux/lib.a
LOAD shell/lib.a
LOAD sysklogd/lib.a
LOAD util-linux/lib.a
LOAD util-linux/volume_id/lib.a
LOAD archival/built-in.o
LOAD archival/libunarchive/built-in.o
LOAD console-tools/built-in.o
LOAD coreutils/built-in.o
LOAD coreutils/libcoreutils/built-in.o
LOAD debianutils/built-in.o
LOAD e2fsprogs/built-in.o
LOAD editors/built-in.o
LOAD findutils/built-in.o
LOAD init/built-in.o
LOAD libbb/built-in.o
LOAD libpwdgrp/built-in.o
LOAD loginutils/built-in.o
LOAD mailutils/built-in.o
LOAD miscutils/built-in.o
LOAD modutils/built-in.o
LOAD networking/built-in.o
LOAD networking/libiproute/built-in.o
LOAD networking/udhcp/built-in.o
LOAD printutils/built-in.o
LOAD procps/built-in.o
LOAD runit/built-in.o
LOAD selinux/built-in.o
LOAD shell/built-in.o
LOAD sysklogd/built-in.o
LOAD util-linux/built-in.o
LOAD util-linux/volume_id/built-in.o
END GROUP
START GROUP
LOAD /usr/lib/gcc/x86_64-linux-gnu/4.3.2/../../../../lib/libm.so
END GROUP
LOAD /usr/lib/gcc/x86_64-linux-gnu/4.3.2/libgcc.a
LOAD /usr/lib/gcc/x86_64-linux-gnu/4.3.2/libgcc_eh.a
LOAD /usr/lib/gcc/x86_64-linux-gnu/4.3.2/../../../../lib/libc.so
START GROUP
LOAD /lib/libc.so.6
LOAD /usr/lib/libc_nonshared.a
LOAD /lib/ld-linux-x86-64.so.2
END GROUP
LOAD /usr/lib/gcc/x86_64-linux-gnu/4.3.2/libgcc.a
LOAD /usr/lib/gcc/x86_64-linux-gnu/4.3.2/libgcc_eh.a
LOAD /usr/lib/gcc/x86_64-linux-gnu/4.3.2/crtend.o
LOAD /usr/lib/gcc/x86_64-linux-gnu/4.3.2/../../../../lib/crtn.o
                0x0000000000400000                PROVIDE (__executable_start, 0x400000)
                0x00000000004001c8                . = (0x400000 + SIZEOF_HEADERS)

.interp         0x00000000004001c8       0x1c
 *(SORT(.interp))
 .interp        0x00000000004001c8       0x1c /usr/lib/gcc/x86_64-linux-gnu/4.3.2/../../../../lib/crt1.o

.note.gnu.build-id
 *(SORT(.note.gnu.build-id))

.hash           0x00000000004001e8      0xa68
 *(SORT(.hash))
 .hash          0x00000000004001e8      0xa68 /usr/lib/gcc/x86_64-linux-gnu/4.3.2/../../../../lib/crt1.o

.gnu.hash       0x0000000000400c50       0xd4
 *(SORT(.gnu.hash))
 .gnu.hash      0x0000000000400c50       0xd4 /usr/lib/gcc/x86_64-linux-gnu/4.3.2/../../../../lib/crt1.o

.dynsym         0x0000000000400d28     0x2598
 *(SORT(.dynsym))
 .dynsym        0x0000000000400d28     0x2598 /usr/lib/gcc/x86_64-linux-gnu/4.3.2/../../../../lib/crt1.o

.dynstr         0x00000000004032c0      0xd25
 *(SORT(.dynstr))
 .dynstr        0x00000000004032c0      0xd25 /usr/lib/gcc/x86_64-linux-gnu/4.3.2/../../../../lib/crt1.o

.gnu.version    0x0000000000403fe6      0x322
 *(SORT(.gnu.version))
 .gnu.version   0x0000000000403fe6      0x322 /usr/lib/gcc/x86_64-linux-gnu/4.3.2/../../../../lib/crt1.o

.gnu.version_d  0x0000000000404308        0x0
 *(SORT(.gnu.version_d))
 .gnu.version_d
                0x0000000000000000        0x0 /usr/lib/gcc/x86_64-linux-gnu/4.3.2/../../../../lib/crt1.o

.gnu.version_r  0x0000000000404308       0x70
 *(SORT(.gnu.version_r))
 .gnu.version_r
                0x0000000000404308       0x70 /usr/lib/gcc/x86_64-linux-gnu/4.3.2/../../../../lib/crt1.o

.rel.dyn
 *(SORT(.rel.init))
 *(SORT(.rel.text) SORT(.rel.text.*) SORT(.rel.gnu.linkonce.t.*))
 *(SORT(.rel.fini))
 *(SORT(.rel.rodata) SORT(.rel.rodata.*) SORT(.rel.gnu.linkonce.r.*))
 *(SORT(.rel.data.rel.ro*) SORT(.rel.gnu.linkonce.d.rel.ro.*))
 *(SORT(.rel.data) SORT(.rel.data.*) SORT(.rel.gnu.linkonce.d.*))
 *(SORT(.rel.tdata) SORT(.rel.tdata.*) SORT(.rel.gnu.linkonce.td.*))
 *(SORT(.rel.tbss) SORT(.rel.tbss.*) SORT(.rel.gnu.linkonce.tb.*))
 *(SORT(.rel.ctors))
 *(SORT(.rel.dtors))
 *(SORT(.rel.got))
 *(SORT(.rel.bss) SORT(.rel.bss.*) SORT(.rel.gnu.linkonce.b.*))
 *(SORT(.rel.ldata) SORT(.rel.ldata.*) SORT(.rel.gnu.linkonce.l.*))
 *(SORT(.rel.lbss) SORT(.rel.lbss.*) SORT(.rel.gnu.linkonce.lb.*))
 *(SORT(.rel.lrodata) SORT(.rel.lrodata.*) SORT(.rel.gnu.linkonce.lr.*))

.rela.dyn       0x0000000000404378       0xf0
 *(SORT(.rela.init))
 *(SORT(.rela.text) SORT(.rela.text.*) SORT(.rela.gnu.linkonce.t.*))
 .rela.text     0x0000000000000000        0x0 /usr/lib/gcc/x86_64-linux-gnu/4.3.2/../../../../lib/crt1.o
 .rela.text.get_trimmed_slice
                0x0000000000000000        0x0 /usr/lib/gcc/x86_64-linux-gnu/4.3.2/../../../../lib/crt1.o
 .rela.text.full_write2_str
                0x0000000000000000        0x0 /usr/lib/gcc/x86_64-linux-gnu/4.3.2/../../../../lib/crt1.o
 .rela.text.applet_name_compare
                0x0000000000000000        0x0 /usr/lib/gcc/x86_64-linux-gnu/4.3.2/../../../../lib/crt1.o
 .rela.text.lbb_prepare
                0x0000000000000000        0x0 /usr/lib/gcc/x86_64-linux-gnu/4.3.2/../../../../lib/crt1.o
 .rela.text.find_applet_by_name
                0x0000000000000000        0x0 /usr/lib/gcc/x86_64-linux-gnu/4.3.2/../../../../lib/crt1.o
 .rela.text.parse_config_file
                0x0000000000000000        0x0 /usr/lib/gcc/x86_64-linux-gnu/4.3.2/../../../../lib/crt1.o
 .rela.text.bb_show_usage
                0x0000000000000000        0x0 /usr/lib/gcc/x86_64-linux-gnu/4.3.2/../../../../lib/crt1.o
 .rela.text.run_applet_no_and_exit
                0x0000000000000000        0x0 /usr/lib/gcc/x86_64-linux-gnu/4.3.2/../../../../lib/crt1.o
 .rela.text.run_applet_and_exit
                0x0000000000000000        0x0 /usr/lib/gcc/x86_64-linux-gnu/4.3.2/../../../../lib/crt1.o
 .rela.text.main
                0x0000000000000000        0x0 /usr/lib/gcc/x86_64-linux-gnu/4.3.2/../../../../lib/crt1.o
 .rela.text.bb_basename
                0x0000000000000000        0x0 /usr/lib/gcc/x86_64-linux-gnu/4.3.2/../../../../lib/crt1.o
 .rela.text.ret_ERANGE
                0x0000000000000000        0x0 /usr/lib/gcc/x86_64-linux-gnu/4.3.2/../../../../lib/crt1.o
 .rela.text.handle_errors
                0x0000000000000000        0x0 /usr/lib/gcc/x86_64-linux-gnu/4.3.2/../../../../lib/crt1.o
 .rela.text.bb_strtoi
                0x0000000000000000        0x0 /usr/lib/gcc/x86_64-linux-gnu/4.3.2/../../../../lib/crt1.o
 .rela.text.bb_strtou
                0x0000000000000000        0x0 /usr/lib/gcc/x86_64-linux-gnu/4.3.2/../../../../lib/crt1.o
 .rela.text.bb_strtoll
                0x0000000000000000        0x0 /usr/lib/gcc/x86_64-linux-gnu/4.3.2/../../../../lib/crt1.o
 .rela.text.bb_strtoull
                0x0000000000000000        0x0 /usr/lib/gcc/x86_64-linux-gnu/4.3.2/../../../../lib/crt1.o
 .rela.text.concat_path_file
                0x0000000000000000        0x0 /usr/lib/gcc/x86_64-linux-gnu/4.3.2/../../../../lib/crt1.o
 .rela.text.bb_error_msg_and_die
                0x0000000000000000        0x0 /usr/lib/gcc/x86_64-linux-gnu/4.3.2/../../../../lib/crt1.o
 .rela.text.full_write
                0x0000000000000000        0x0 /usr/lib/gcc/x86_64-linux-gnu/4.3.2/../../../../lib/crt1.o
 .rela.text.bb_get_last_path_component_nostrip
                0x0000000000000000        0x0 /usr/lib/gcc/x86_64-linux-gnu/4.3.2/../../../../lib/crt1.o
 .rela.text.bb_get_last_path_component_strip
                0x0000000000000000        0x0 /usr/lib/gcc/x86_64-linux-gnu/4.3.2/../../../../lib/crt1.o
 .rela.text.last_char_is
                0x0000000000000000        0x0 /usr/lib/gcc/x86_64-linux-gnu/4.3.2/../../../../lib/crt1.o
 .rela.text.bb_perror_msg
                0x0000000000000000        0x0 /usr/lib/gcc/x86_64-linux-gnu/4.3.2/../../../../lib/crt1.o
 .rela.text.bb_perror_msg_and_die
                0x0000000000000000        0x0 /usr/lib/gcc/x86_64-linux-gnu/4.3.2/../../../../lib/crt1.o
 .rela.text.safe_write
                0x0000000000000000        0x0 /usr/lib/gcc/x86_64-linux-gnu/4.3.2/../../../../lib/crt1.o
 .rela.text.skip_non_whitespace
                0x0000000000000000        0x0 /usr/lib/gcc/x86_64-linux-gnu/4.3.2/../../../../lib/crt1.o
 .rela.text.skip_whitespace
                0x0000000000000000        0x0 /usr/lib/gcc/x86_64-linux-gnu/4.3.2/../../../../lib/crt1.o
 .rela.text.bb_verror_msg
                0x0000000000000000        0x0 /usr/lib/gcc/x86_64-linux-gnu/4.3.2/../../../../lib/crt1.o
 .rela.text.xfopen_for_write
                0x0000000000000000        0x0 /usr/lib/gcc/x86_64-linux-gnu/4.3.2/../../../../lib/crt1.o
 .rela.text.xfopen_for_read
                0x0000000000000000        0x0 /usr/lib/gcc/x86_64-linux-gnu/4.3.2/../../../../lib/crt1.o
 .rela.text.fopen_for_write
                0x0000000000000000        0x0 /usr/lib/gcc/x86_64-linux-gnu/4.3.2/../../../../lib/crt1.o
 .rela.text.fopen_for_read
                0x0000000000000000        0x0 /usr/lib/gcc/x86_64-linux-gnu/4.3.2/../../../../lib/crt1.o
 .rela.text.fopen_or_warn
                0x0000000000000000        0x0 /usr/lib/gcc/x86_64-linux-gnu/4.3.2/../../../../lib/crt1.o
 .rela.text.xfunc_die
                0x0000000000000000        0x0 /usr/lib/gcc/x86_64-linux-gnu/4.3.2/../../../../lib/crt1.o
 .rela.text.tcsetattr_stdin_TCSANOW
                0x0000000000000000        0x0 /usr/lib/gcc/x86_64-linux-gnu/4.3.2/../../../../lib/crt1.o
 .rela.text.get_terminal_width_height
                0x0000000000000000        0x0 /usr/lib/gcc/x86_64-linux-gnu/4.3.2/../../../../lib/crt1.o
 .rela.text.close_on_exec_on
                0x0000000000000000        0x0 /usr/lib/gcc/x86_64-linux-gnu/4.3.2/../../../../lib/crt1.o
 .rela.text.ndelay_off
                0x0000000000000000        0x0 /usr/lib/gcc/x86_64-linux-gnu/4.3.2/../../../../lib/crt1.o
 .rela.text.ndelay_on
                0x0000000000000000        0x0 /usr/lib/gcc/x86_64-linux-gnu/4.3.2/../../../../lib/crt1.o
 .rela.text.bb_xioctl
                0x0000000000000000        0x0 /usr/lib/gcc/x86_64-linux-gnu/4.3.2/../../../../lib/crt1.o
 .rela.text.bb_ioctl_or_warn
                0x0000000000000000        0x0 /usr/lib/gcc/x86_64-linux-gnu/4.3.2/../../../../lib/crt1.o
 .rela.text.ioctl_or_perror
                0x0000000000000000        0x0 /usr/lib/gcc/x86_64-linux-gnu/4.3.2/../../../../lib/crt1.o
 .rela.text.ioctl_or_perror_and_die
                0x0000000000000000        0x0 /usr/lib/gcc/x86_64-linux-gnu/4.3.2/../../../../lib/crt1.o
 .rela.text.xstat
                0x0000000000000000        0x0 /usr/lib/gcc/x86_64-linux-gnu/4.3.2/../../../../lib/crt1.o
 .rela.text.xsendto
                0x0000000000000000        0x0 /usr/lib/gcc/x86_64-linux-gnu/4.3.2/../../../../lib/crt1.o
 .rela.text.xlisten
                0x0000000000000000        0x0 /usr/lib/gcc/x86_64-linux-gnu/4.3.2/../../../../lib/crt1.o
 .rela.text.xbind
                0x0000000000000000        0x0 /usr/lib/gcc/x86_64-linux-gnu/4.3.2/../../../../lib/crt1.o
 .rela.text.xsocket
                0x0000000000000000        0x0 /usr/lib/gcc/x86_64-linux-gnu/4.3.2/../../../../lib/crt1.o
 .rela.text.xopendir
                0x0000000000000000        0x0 /usr/lib/gcc/x86_64-linux-gnu/4.3.2/../../../../lib/crt1.o
 .rela.text.warn_opendir
                0x0000000000000000        0x0 /usr/lib/gcc/x86_64-linux-gnu/4.3.2/../../../../lib/crt1.o
 .rela.text.xchroot
                0x0000000000000000        0x0 /usr/lib/gcc/x86_64-linux-gnu/4.3.2/../../../../lib/crt1.o
 .rela.text.xchdir
                0x0000000000000000        0x0 /usr/lib/gcc/x86_64-linux-gnu/4.3.2/../../../../lib/crt1.o
 .rela.text.xsetuid
                0x0000000000000000        0x0 /usr/lib/gcc/x86_64-linux-gnu/4.3.2/../../../../lib/crt1.o
 .rela.text.xsetgid
                0x0000000000000000        0x0 /usr/lib/gcc/x86_64-linux-gnu/4.3.2/../../../../lib/crt1.o
 .rela.text.xsetenv
                0x0000000000000000        0x0 /usr/lib/gcc/x86_64-linux-gnu/4.3.2/../../../../lib/crt1.o
 .rela.text.xasprintf
                0x0000000000000000        0x0 /usr/lib/gcc/x86_64-linux-gnu/4.3.2/../../../../lib/crt1.o
 .rela.text.xfflush_stdout
                0x0000000000000000        0x0 /usr/lib/gcc/x86_64-linux-gnu/4.3.2/../../../../lib/crt1.o
 .rela.text.xprint_and_close_file
                0x0000000000000000        0x0 /usr/lib/gcc/x86_64-linux-gnu/4.3.2/../../../../lib/crt1.o
 .rela.text.bb_putchar
                0x0000000000000000        0x0 /usr/lib/gcc/x86_64-linux-gnu/4.3.2/../../../../lib/crt1.o
 .rela.text.die_if_ferror
                0x0000000000000000        0x0 /usr/lib/gcc/x86_64-linux-gnu/4.3.2/../../../../lib/crt1.o
 .rela.text.die_if_ferror_stdout
                0x0000000000000000        0x0 /usr/lib/gcc/x86_64-linux-gnu/4.3.2/../../../../lib/crt1.o
 .rela.text.xlseek
                0x0000000000000000        0x0 /usr/lib/gcc/x86_64-linux-gnu/4.3.2/../../../../lib/crt1.o
 .rela.text.xdup2
                0x0000000000000000        0x0 /usr/lib/gcc/x86_64-linux-gnu/4.3.2/../../../../lib/crt1.o
 .rela.text.xmove_fd
                0x0000000000000000        0x0 /usr/lib/gcc/x86_64-linux-gnu/4.3.2/../../../../lib/crt1.o
 .rela.text.xpipe
                0x0000000000000000        0x0 /usr/lib/gcc/x86_64-linux-gnu/4.3.2/../../../../lib/crt1.o
 .rela.text.rename_or_warn
                0x0000000000000000        0x0 /usr/lib/gcc/x86_64-linux-gnu/4.3.2/../../../../lib/crt1.o
 .rela.text.xrename
                0x0000000000000000        0x0 /usr/lib/gcc/x86_64-linux-gnu/4.3.2/../../../../lib/crt1.o
 .rela.text.xunlink
                0x0000000000000000        0x0 /usr/lib/gcc/x86_64-linux-gnu/4.3.2/../../../../lib/crt1.o
 .rela.text.open3_or_warn
                0x0000000000000000        0x0 /usr/lib/gcc/x86_64-linux-gnu/4.3.2/../../../../lib/crt1.o
 .rela.text.xopen3
                0x0000000000000000        0x0 /usr/lib/gcc/x86_64-linux-gnu/4.3.2/../../../../lib/crt1.o
 .rela.text.xfopen
                0x0000000000000000        0x0 /usr/lib/gcc/x86_64-linux-gnu/4.3.2/../../../../lib/crt1.o
 .rela.text.xstrdup
                0x0000000000000000        0x0 /usr/lib/gcc/x86_64-linux-gnu/4.3.2/../../../../lib/crt1.o
 .rela.text.xrealloc
                0x0000000000000000        0x0 /usr/lib/gcc/x86_64-linux-gnu/4.3.2/../../../../lib/crt1.o
 .rela.text.xmalloc
                0x0000000000000000        0x0 /usr/lib/gcc/x86_64-linux-gnu/4.3.2/../../../../lib/crt1.o
 .rela.text.malloc_or_warn
                0x0000000000000000        0x0 /usr/lib/gcc/x86_64-linux-gnu/4.3.2/../../../../lib/crt1.o
 .rela.text.xmalloc_readlink
                0x0000000000000000        0x0 /usr/lib/gcc/x86_64-linux-gnu/4.3.2/../../../../lib/crt1.o
 .rela.text.xmalloc_readlink_or_warn
                0x0000000000000000        0x0 /usr/lib/gcc/x86_64-linux-gnu/4.3.2/../../../../lib/crt1.o
 .rela.text.xmalloc_follow_symlinks
                0x0000000000000000        0x0 /usr/lib/gcc/x86_64-linux-gnu/4.3.2/../../../../lib/crt1.o
 .rela.text.bb_full_fd_action
                0x0000000000000000        0x0 /usr/lib/gcc/x86_64-linux-gnu/4.3.2/../../../../lib/crt1.o
 .rela.text.safe_read
                0x0000000000000000        0x0 /usr/lib/gcc/x86_64-linux-gnu/4.3.2/../../../../lib/crt1.o
 .rela.text.xmalloc_read
                0x0000000000000000        0x0 /usr/lib/gcc/x86_64-linux-gnu/4.3.2/../../../../lib/crt1.o
 .rela.text.xmalloc_open_read_close
                0x0000000000000000        0x0 /usr/lib/gcc/x86_64-linux-gnu/4.3.2/../../../../lib/crt1.o
 .rela.text.read_close
                0x0000000000000000        0x0 /usr/lib/gcc/x86_64-linux-gnu/4.3.2/../../../../lib/crt1.o
 .rela.text.open_read_close
                0x0000000000000000        0x0 /usr/lib/gcc/x86_64-linux-gnu/4.3.2/../../../../lib/crt1.o
 .rela.text.open_zipped
                0x0000000000000000        0x0 /usr/lib/gcc/x86_64-linux-gnu/4.3.2/../../../../lib/crt1.o
 .rela.text.xmalloc_open_zipped_read_close
                0x0000000000000000        0x0 /usr/lib/gcc/x86_64-linux-gnu/4.3.2/../../../../lib/crt1.o
 .rela.text.nonblock_safe_read
                0x0000000000000000        0x0 /usr/lib/gcc/x86_64-linux-gnu/4.3.2/../../../../lib/crt1.o
 .rela.text.xmalloc_reads
                0x0000000000000000        0x0 /usr/lib/gcc/x86_64-linux-gnu/4.3.2/../../../../lib/crt1.o
 .rela.text.safe_poll
                0x0000000000000000        0x0 /usr/lib/gcc/x86_64-linux-gnu/4.3.2/../../../../lib/crt1.o
 .rela.text.bb_internal_putpwent
                0x0000000000000000        0x0 /usr/lib/gcc/x86_64-linux-gnu/4.3.2/../../../../lib/crt1.o
 .rela.text.bb_internal_putspent
                0x0000000000000000        0x0 /usr/lib/gcc/x86_64-linux-gnu/4.3.2/../../../../lib/crt1.o
 .rela.text.bb_internal_putgrent
                0x0000000000000000        0x0 /usr/lib/gcc/x86_64-linux-gnu/4.3.2/../../../../lib/crt1.o
 .rela.text.bb_internal_endspent
                0x0000000000000000        0x0 /usr/lib/gcc/x86_64-linux-gnu/4.3.2/../../../../lib/crt1.o
 .rela.text.bb_internal_endgrent
                0x0000000000000000        0x0 /usr/lib/gcc/x86_64-linux-gnu/4.3.2/../../../../lib/crt1.o
 .rela.text.bb_internal_endpwent
                0x0000000000000000        0x0 /usr/lib/gcc/x86_64-linux-gnu/4.3.2/../../../../lib/crt1.o
 .rela.text.bb__pgsreader
                0x0000000000000000        0x0 /usr/lib/gcc/x86_64-linux-gnu/4.3.2/../../../../lib/crt1.o
 .rela.text.getgrouplist_internal
                0x0000000000000000        0x0 /usr/lib/gcc/x86_64-linux-gnu/4.3.2/../../../../lib/crt1.o
 .rela.text.bb_internal_getgrouplist
                0x0000000000000000        0x0 /usr/lib/gcc/x86_64-linux-gnu/4.3.2/../../../../lib/crt1.o
 .rela.text.bb_internal_getspent_r
                0x0000000000000000        0x0 /usr/lib/gcc/x86_64-linux-gnu/4.3.2/../../../../lib/crt1.o
 .rela.text.bb_internal_getgrent_r
                0x0000000000000000        0x0 /usr/lib/gcc/x86_64-linux-gnu/4.3.2/../../../../lib/crt1.o
 .rela.text.bb_internal_getpwent_r
                0x0000000000000000        0x0 /usr/lib/gcc/x86_64-linux-gnu/4.3.2/../../../../lib/crt1.o
 .rela.text.bb_internal_getgrgid_r
                0x0000000000000000        0x0 /usr/lib/gcc/x86_64-linux-gnu/4.3.2/../../../../lib/crt1.o
 .rela.text.bb_internal_getpwuid_r
                0x0000000000000000        0x0 /usr/lib/gcc/x86_64-linux-gnu/4.3.2/../../../../lib/crt1.o
 .rela.text.bb_internal_getspnam_r
                0x0000000000000000        0x0 /usr/lib/gcc/x86_64-linux-gnu/4.3.2/../../../../lib/crt1.o
 .rela.text.bb_internal_getgrnam_r
                0x0000000000000000        0x0 /usr/lib/gcc/x86_64-linux-gnu/4.3.2/../../../../lib/crt1.o
 .rela.text.bb_internal_getpwnam_r
                0x0000000000000000        0x0 /usr/lib/gcc/x86_64-linux-gnu/4.3.2/../../../../lib/crt1.o
 .rela.text.bb__parsegrent
                0x0000000000000000        0x0 /usr/lib/gcc/x86_64-linux-gnu/4.3.2/../../../../lib/crt1.o
 .rela.text.bb__parsespent
                0x0000000000000000        0x0 /usr/lib/gcc/x86_64-linux-gnu/4.3.2/../../../../lib/crt1.o
 .rela.text.bb__parsepwent
                0x0000000000000000        0x0 /usr/lib/gcc/x86_64-linux-gnu/4.3.2/../../../../lib/crt1.o
 .rela.text.bb_internal_initgroups
                0x0000000000000000        0x0 /usr/lib/gcc/x86_64-linux-gnu/4.3.2/../../../../lib/crt1.o
 .rela.text.bb_internal_setspent
                0x0000000000000000        0x0 /usr/lib/gcc/x86_64-linux-gnu/4.3.2/../../../../lib/crt1.o
 .rela.text.bb_internal_setgrent
                0x0000000000000000        0x0 /usr/lib/gcc/x86_64-linux-gnu/4.3.2/../../../../lib/crt1.o
 .rela.text.bb_internal_setpwent
                0x0000000000000000        0x0 /usr/lib/gcc/x86_64-linux-gnu/4.3.2/../../../../lib/crt1.o
 .rela.text.bb_internal_sgetspent_r
                0x0000000000000000        0x0 /usr/lib/gcc/x86_64-linux-gnu/4.3.2/../../../../lib/crt1.o
 .rela.text.add_user_to_group
                0x0000000000000000        0x0 /usr/lib/gcc/x86_64-linux-gnu/4.3.2/../../../../lib/crt1.o
 .rela.text.addgroup_main
                0x0000000000000000        0x0 /usr/lib/gcc/x86_64-linux-gnu/4.3.2/../../../../lib/crt1.o
 .rela.text.adduser_main
                0x0000000000000000        0x0 /usr/lib/gcc/x86_64-linux-gnu/4.3.2/../../../../lib/crt1.o
 .rela.text.chpasswd_main
                0x0000000000000000        0x0 /usr/lib/gcc/x86_64-linux-gnu/4.3.2/../../../../lib/crt1.o
 .rela.text.cryptpw_main
                0x0000000000000000        0x0 /usr/lib/gcc/x86_64-linux-gnu/4.3.2/../../../../lib/crt1.o
 .rela.text.del_line_matching
                0x0000000000000000        0x0 /usr/lib/gcc/x86_64-linux-gnu/4.3.2/../../../../lib/crt1.o
 .rela.text.deluser_main
                0x0000000000000000        0x0 /usr/lib/gcc/x86_64-linux-gnu/4.3.2/../../../../lib/crt1.o
 .rela.text.bcode
                0x0000000000000000        0x0 /usr/lib/gcc/x86_64-linux-gnu/4.3.2/../../../../lib/crt1.o
 .rela.text.touch
                0x0000000000000000        0x0 /usr/lib/gcc/x86_64-linux-gnu/4.3.2/../../../../lib/crt1.o
 .rela.text.getty_main
                0x0000000000000000        0x0 /usr/lib/gcc/x86_64-linux-gnu/4.3.2/../../../../lib/crt1.o
 .rela.text.login_main
                0x0000000000000000        0x0 /usr/lib/gcc/x86_64-linux-gnu/4.3.2/../../../../lib/crt1.o
 .rela.text.alarm_handler
                0x0000000000000000        0x0 /usr/lib/gcc/x86_64-linux-gnu/4.3.2/../../../../lib/crt1.o
 .rela.text.nuke_str
                0x0000000000000000        0x0 /usr/lib/gcc/x86_64-linux-gnu/4.3.2/../../../../lib/crt1.o
 .rela.text.passwd_main
                0x0000000000000000        0x0 /usr/lib/gcc/x86_64-linux-gnu/4.3.2/../../../../lib/crt1.o
 .rela.text.su_main
                0x0000000000000000        0x0 /usr/lib/gcc/x86_64-linux-gnu/4.3.2/../../../../lib/crt1.o
 .rela.text.sulogin_main
                0x0000000000000000        0x0 /usr/lib/gcc/x86_64-linux-gnu/4.3.2/../../../../lib/crt1.o
 .rela.text.acquire_vt
                0x0000000000000000        0x0 /usr/lib/gcc/x86_64-linux-gnu/4.3.2/../../../../lib/crt1.o
 .rela.text.release_vt
                0x0000000000000000        0x0 /usr/lib/gcc/x86_64-linux-gnu/4.3.2/../../../../lib/crt1.o
 .rela.text.vlock_main
                0x0000000000000000        0x0 /usr/lib/gcc/x86_64-linux-gnu/4.3.2/../../../../lib/crt1.o
 .rela.text.find_token
                0x0000000000000000        0x0 /usr/lib/gcc/x86_64-linux-gnu/4.3.2/../../../../lib/crt1.o
 .rela.text.parse
                0x0000000000000000        0x0 /usr/lib/gcc/x86_64-linux-gnu/4.3.2/../../../../lib/crt1.o
 .rela.text.reformime_main
                0x0000000000000000        0x0 /usr/lib/gcc/x86_64-linux-gnu/4.3.2/../../../../lib/crt1.o
 .rela.text.makemime_main
                0x0000000000000000        0x0 /usr/lib/gcc/x86_64-linux-gnu/4.3.2/../../../../lib/crt1.o
 .rela.text.pop3_checkr
                0x0000000000000000        0x0 /usr/lib/gcc/x86_64-linux-gnu/4.3.2/../../../../lib/crt1.o
 .rela.text.popmaildir_main
                0x0000000000000000        0x0 /usr/lib/gcc/x86_64-linux-gnu/4.3.2/../../../../lib/crt1.o
 .rela.text.smtp_checkp
                0x0000000000000000        0x0 /usr/lib/gcc/x86_64-linux-gnu/4.3.2/../../../../lib/crt1.o
 .rela.text.sane_address
                0x0000000000000000        0x0 /usr/lib/gcc/x86_64-linux-gnu/4.3.2/../../../../lib/crt1.o
 .rela.text.sendmail_main
                0x0000000000000000        0x0 /usr/lib/gcc/x86_64-linux-gnu/4.3.2/../../../../lib/crt1.o
 .rela.text.get_cred_or_die
                0x0000000000000000        0x0 /usr/lib/gcc/x86_64-linux-gnu/4.3.2/../../../../lib/crt1.o
 .rela.text.decode_base64
                0x0000000000000000        0x0 /usr/lib/gcc/x86_64-linux-gnu/4.3.2/../../../../lib/crt1.o
 .rela.text.encode_base64
                0x0000000000000000        0x0 /usr/lib/gcc/x86_64-linux-gnu/4.3.2/../../../../lib/crt1.o
 .rela.text.command
                0x0000000000000000        0x0 /usr/lib/gcc/x86_64-linux-gnu/4.3.2/../../../../lib/crt1.o
 .rela.text.kill_helper
                0x0000000000000000        0x0 /usr/lib/gcc/x86_64-linux-gnu/4.3.2/../../../../lib/crt1.o
 .rela.text.signal_handler
                0x0000000000000000        0x0 /usr/lib/gcc/x86_64-linux-gnu/4.3.2/../../../../lib/crt1.o
 .rela.text.launch_helper
                0x0000000000000000        0x0 /usr/lib/gcc/x86_64-linux-gnu/4.3.2/../../../../lib/crt1.o
 .rela.text.adjtimex_main
                0x0000000000000000        0x0 /usr/lib/gcc/x86_64-linux-gnu/4.3.2/../../../../lib/crt1.o
 .rela.text.unescape
                0x0000000000000000        0x0 /usr/lib/gcc/x86_64-linux-gnu/4.3.2/../../../../lib/crt1.o
 .rela.text.chat_main
                0x0000000000000000        0x0 /usr/lib/gcc/x86_64-linux-gnu/4.3.2/../../../../lib/crt1.o
 .rela.text.show_min_max
                0x0000000000000000        0x0 /usr/lib/gcc/x86_64-linux-gnu/4.3.2/../../../../lib/crt1.o
 .rela.text.chrt_main
                0x0000000000000000        0x0 /usr/lib/gcc/x86_64-linux-gnu/4.3.2/../../../../lib/crt1.o
 .rela.text.DeleteFile
                0x0000000000000000        0x0 /usr/lib/gcc/x86_64-linux-gnu/4.3.2/../../../../lib/crt1.o
 .rela.text.crondlog
                0x0000000000000000        0x0 /usr/lib/gcc/x86_64-linux-gnu/4.3.2/../../../../lib/crt1.o
 .rela.text.ParseField
                0x0000000000000000        0x0 /usr/lib/gcc/x86_64-linux-gnu/4.3.2/../../../../lib/crt1.o
 .rela.text.SynchronizeFile
                0x0000000000000000        0x0 /usr/lib/gcc/x86_64-linux-gnu/4.3.2/../../../../lib/crt1.o
 .rela.text.SynchronizeDir
                0x0000000000000000        0x0 /usr/lib/gcc/x86_64-linux-gnu/4.3.2/../../../../lib/crt1.o
 .rela.text.ForkJob
                0x0000000000000000        0x0 /usr/lib/gcc/x86_64-linux-gnu/4.3.2/../../../../lib/crt1.o
 .rela.text.EndJob
                0x0000000000000000        0x0 /usr/lib/gcc/x86_64-linux-gnu/4.3.2/../../../../lib/crt1.o
 .rela.text.crond_main
                0x0000000000000000        0x0 /usr/lib/gcc/x86_64-linux-gnu/4.3.2/../../../../lib/crt1.o
 .rela.text.open_as_user
                0x0000000000000000        0x0 /usr/lib/gcc/x86_64-linux-gnu/4.3.2/../../../../lib/crt1.o
 .rela.text.edit_file
                0x0000000000000000        0x0 /usr/lib/gcc/x86_64-linux-gnu/4.3.2/../../../../lib/crt1.o
 .rela.text.crontab_main
                0x0000000000000000        0x0 /usr/lib/gcc/x86_64-linux-gnu/4.3.2/../../../../lib/crt1.o
 .rela.text.pop
                0x0000000000000000        0x0 /usr/lib/gcc/x86_64-linux-gnu/4.3.2/../../../../lib/crt1.o
 .rela.text.push
                0x0000000000000000        0x0 /usr/lib/gcc/x86_64-linux-gnu/4.3.2/../../../../lib/crt1.o
 .rela.text.stack_machine
                0x0000000000000000        0x0 /usr/lib/gcc/x86_64-linux-gnu/4.3.2/../../../../lib/crt1.o
 .rela.text.dc_main
                0x0000000000000000        0x0 /usr/lib/gcc/x86_64-linux-gnu/4.3.2/../../../../lib/crt1.o
 .rela.text.set_output_base
                0x0000000000000000        0x0 /usr/lib/gcc/x86_64-linux-gnu/4.3.2/../../../../lib/crt1.o
 .rela.text.print_base
                0x0000000000000000        0x0 /usr/lib/gcc/x86_64-linux-gnu/4.3.2/../../../../lib/crt1.o
 .rela.text.print_stack_no_pop
                0x0000000000000000        0x0 /usr/lib/gcc/x86_64-linux-gnu/4.3.2/../../../../lib/crt1.o
 .rela.text.print_no_pop
                0x0000000000000000        0x0 /usr/lib/gcc/x86_64-linux-gnu/4.3.2/../../../../lib/crt1.o
 .rela.text.power
                0x0000000000000000        0x0 /usr/lib/gcc/x86_64-linux-gnu/4.3.2/../../../../lib/crt1.o
 .rela.text.devmem_main
                0x0000000000000000        0x0 /usr/lib/gcc/x86_64-linux-gnu/4.3.2/../../../../lib/crt1.o
 .rela.text.eject_main
                0x0000000000000000        0x0 /usr/lib/gcc/x86_64-linux-gnu/4.3.2/../../../../lib/crt1.o
 .rela.text.fb_drawfullrectangle
                0x0000000000000000        0x0 /usr/lib/gcc/x86_64-linux-gnu/4.3.2/../../../../lib/crt1.o
 .rela.text.fb_drawprogressbar
                0x0000000000000000        0x0 /usr/lib/gcc/x86_64-linux-gnu/4.3.2/../../../../lib/crt1.o
 .rela.text.fb_drawimage
                0x0000000000000000        0x0 /usr/lib/gcc/x86_64-linux-gnu/4.3.2/../../../../lib/crt1.o
 .rela.text.fbsplash_main
                0x0000000000000000        0x0 /usr/lib/gcc/x86_64-linux-gnu/4.3.2/../../../../lib/crt1.o
 .rela.text.parse_xfermode
                0x0000000000000000        0x0 /usr/lib/gcc/x86_64-linux-gnu/4.3.2/../../../../lib/crt1.o
 .rela.text.parse_opts
                0x0000000000000000        0x0 /usr/lib/gcc/x86_64-linux-gnu/4.3.2/../../../../lib/crt1.o
 .rela.text.xprint_ascii
                0x0000000000000000        0x0 /usr/lib/gcc/x86_64-linux-gnu/4.3.2/../../../../lib/crt1.o
 .rela.text.mode_loop
                0x0000000000000000        0x0 /usr/lib/gcc/x86_64-linux-gnu/4.3.2/../../../../lib/crt1.o
 .rela.text.print_flag
                0x0000000000000000        0x0 /usr/lib/gcc/x86_64-linux-gnu/4.3.2/../../../../lib/crt1.o
 .rela.text.on_off
                0x0000000000000000        0x0 /usr/lib/gcc/x86_64-linux-gnu/4.3.2/../../../../lib/crt1.o
 .rela.text.print_flag_on_off
                0x0000000000000000        0x0 /usr/lib/gcc/x86_64-linux-gnu/4.3.2/../../../../lib/crt1.o
 .rela.text.print_value_on_off
                0x0000000000000000        0x0 /usr/lib/gcc/x86_64-linux-gnu/4.3.2/../../../../lib/crt1.o
 .rela.text.bus_state_value
                0x0000000000000000        0x0 /usr/lib/gcc/x86_64-linux-gnu/4.3.2/../../../../lib/crt1.o
 .rela.text.identify
                0x0000000000000000        0x0 /usr/lib/gcc/x86_64-linux-gnu/4.3.2/../../../../lib/crt1.o
 .rela.text.ioctl_alt_func
                0x0000000000000000        0x0 /usr/lib/gcc/x86_64-linux-gnu/4.3.2/../../../../lib/crt1.o
 .rela.text.flush_buffer_cache
                0x0000000000000000        0x0 /usr/lib/gcc/x86_64-linux-gnu/4.3.2/../../../../lib/crt1.o
 .rela.text.do_time
                0x0000000000000000        0x0 /usr/lib/gcc/x86_64-linux-gnu/4.3.2/../../../../lib/crt1.o
 .rela.text.process_dev
                0x0000000000000000        0x0 /usr/lib/gcc/x86_64-linux-gnu/4.3.2/../../../../lib/crt1.o
 .rela.text.hdparm_main
                0x0000000000000000        0x0 /usr/lib/gcc/x86_64-linux-gnu/4.3.2/../../../../lib/crt1.o
 .rela.text.show_entry
                0x0000000000000000        0x0 /usr/lib/gcc/x86_64-linux-gnu/4.3.2/../../../../lib/crt1.o
 .rela.text.last_main
                0x0000000000000000        0x0 /usr/lib/gcc/x86_64-linux-gnu/4.3.2/../../../../lib/crt1.o
 .rela.text.sigwinch_handler
                0x0000000000000000        0x0 /usr/lib/gcc/x86_64-linux-gnu/4.3.2/../../../../lib/crt1.o
 .rela.text.clear_line
                0x0000000000000000        0x0 /usr/lib/gcc/x86_64-linux-gnu/4.3.2/../../../../lib/crt1.o
 .rela.text.print_statusline
                0x0000000000000000        0x0 /usr/lib/gcc/x86_64-linux-gnu/4.3.2/../../../../lib/crt1.o
 .rela.text.move_cursor
                0x0000000000000000        0x0 /usr/lib/gcc/x86_64-linux-gnu/4.3.2/../../../../lib/crt1.o
 .rela.text.print_hilite
                0x0000000000000000        0x0 /usr/lib/gcc/x86_64-linux-gnu/4.3.2/../../../../lib/crt1.o
 .rela.text.m_status_print
                0x0000000000000000        0x0 /usr/lib/gcc/x86_64-linux-gnu/4.3.2/../../../../lib/crt1.o
 .rela.text.fill_match_lines
                0x0000000000000000        0x0 /usr/lib/gcc/x86_64-linux-gnu/4.3.2/../../../../lib/crt1.o
 .rela.text.read_lines
                0x0000000000000000        0x0 /usr/lib/gcc/x86_64-linux-gnu/4.3.2/../../../../lib/crt1.o
 .rela.text.re_wrap
                0x0000000000000000        0x0 /usr/lib/gcc/x86_64-linux-gnu/4.3.2/../../../../lib/crt1.o
 .rela.text.lineno_str
                0x0000000000000000        0x0 /usr/lib/gcc/x86_64-linux-gnu/4.3.2/../../../../lib/crt1.o
 .rela.text.print_found
                0x0000000000000000        0x0 /usr/lib/gcc/x86_64-linux-gnu/4.3.2/../../../../lib/crt1.o
 .rela.text.print_ascii
                0x0000000000000000        0x0 /usr/lib/gcc/x86_64-linux-gnu/4.3.2/../../../../lib/crt1.o
 .rela.text.status_print
                0x0000000000000000        0x0 /usr/lib/gcc/x86_64-linux-gnu/4.3.2/../../../../lib/crt1.o
 .rela.text.buffer_print
                0x0000000000000000        0x0 /usr/lib/gcc/x86_64-linux-gnu/4.3.2/../../../../lib/crt1.o
 .rela.text.buffer_fill_and_print
                0x0000000000000000        0x0 /usr/lib/gcc/x86_64-linux-gnu/4.3.2/../../../../lib/crt1.o
 .rela.text.reinitialize
                0x0000000000000000        0x0 /usr/lib/gcc/x86_64-linux-gnu/4.3.2/../../../../lib/crt1.o
 .rela.text.change_file
                0x0000000000000000        0x0 /usr/lib/gcc/x86_64-linux-gnu/4.3.2/../../../../lib/crt1.o
 .rela.text.buffer_down
                0x0000000000000000        0x0 /usr/lib/gcc/x86_64-linux-gnu/4.3.2/../../../../lib/crt1.o
 .rela.text.buffer_up
                0x0000000000000000        0x0 /usr/lib/gcc/x86_64-linux-gnu/4.3.2/../../../../lib/crt1.o
 .rela.text.buffer_line
                0x0000000000000000        0x0 /usr/lib/gcc/x86_64-linux-gnu/4.3.2/../../../../lib/crt1.o
 .rela.text.goto_match
                0x0000000000000000        0x0 /usr/lib/gcc/x86_64-linux-gnu/4.3.2/../../../../lib/crt1.o
 .rela.text.set_tty_cooked
                0x0000000000000000        0x0 /usr/lib/gcc/x86_64-linux-gnu/4.3.2/../../../../lib/crt1.o
 .rela.text.less_exit
                0x0000000000000000        0x0 /usr/lib/gcc/x86_64-linux-gnu/4.3.2/../../../../lib/crt1.o
 .rela.text.getch_nowait
                0x0000000000000000        0x0 /usr/lib/gcc/x86_64-linux-gnu/4.3.2/../../../../lib/crt1.o
 .rela.text.less_getch
                0x0000000000000000        0x0 /usr/lib/gcc/x86_64-linux-gnu/4.3.2/../../../../lib/crt1.o
 .rela.text.less_gets
                0x0000000000000000        0x0 /usr/lib/gcc/x86_64-linux-gnu/4.3.2/../../../../lib/crt1.o
 .rela.text.examine_file
                0x0000000000000000        0x0 /usr/lib/gcc/x86_64-linux-gnu/4.3.2/../../../../lib/crt1.o
 .rela.text.regex_process
                0x0000000000000000        0x0 /usr/lib/gcc/x86_64-linux-gnu/4.3.2/../../../../lib/crt1.o
 .rela.text.less_main
                0x0000000000000000        0x0 /usr/lib/gcc/x86_64-linux-gnu/4.3.2/../../../../lib/crt1.o
 .rela.text.makedevs_main
                0x0000000000000000        0x0 /usr/lib/gcc/x86_64-linux-gnu/4.3.2/../../../../lib/crt1.o
 .rela.text.run_pipe
                0x0000000000000000        0x0 /usr/lib/gcc/x86_64-linux-gnu/4.3.2/../../../../lib/crt1.o
 .rela.text.show_manpage
                0x0000000000000000        0x0 /usr/lib/gcc/x86_64-linux-gnu/4.3.2/../../../../lib/crt1.o
 .rela.text.man_main
                0x0000000000000000        0x0 /usr/lib/gcc/x86_64-linux-gnu/4.3.2/../../../../lib/crt1.o
 .rela.text.xget1
                0x0000000000000000        0x0 /usr/lib/gcc/x86_64-linux-gnu/4.3.2/../../../../lib/crt1.o
 .rela.text.xset1
                0x0000000000000000        0x0 /usr/lib/gcc/x86_64-linux-gnu/4.3.2/../../../../lib/crt1.o
 .rela.text.microcom_main
                0x0000000000000000        0x0 /usr/lib/gcc/x86_64-linux-gnu/4.3.2/../../../../lib/crt1.o
 .rela.text.mountpoint_main
                0x0000000000000000        0x0 /usr/lib/gcc/x86_64-linux-gnu/4.3.2/../../../../lib/crt1.o
 .rela.text.mt_main
                0x0000000000000000        0x0 /usr/lib/gcc/x86_64-linux-gnu/4.3.2/../../../../lib/crt1.o
 .rela.text.readahead_main
                0x0000000000000000        0x0 /usr/lib/gcc/x86_64-linux-gnu/4.3.2/../../../../lib/crt1.o
 .rela.text.runlevel_main
                0x0000000000000000        0x0 /usr/lib/gcc/x86_64-linux-gnu/4.3.2/../../../../lib/crt1.o
 .rela.text.read_byte
                0x0000000000000000        0x0 /usr/lib/gcc/x86_64-linux-gnu/4.3.2/../../../../lib/crt1.o
 .rela.text.rx_main
                0x0000000000000000        0x0 /usr/lib/gcc/x86_64-linux-gnu/4.3.2/../../../../lib/crt1.o
 .rela.text.setsid_main
                0x0000000000000000        0x0 /usr/lib/gcc/x86_64-linux-gnu/4.3.2/../../../../lib/crt1.o
 .rela.text.strings_main
                0x0000000000000000        0x0 /usr/lib/gcc/x86_64-linux-gnu/4.3.2/../../../../lib/crt1.o
 .rela.text.run_command
                0x0000000000000000        0x0 /usr/lib/gcc/x86_64-linux-gnu/4.3.2/../../../../lib/crt1.o
 .rela.text.time_main
                0x0000000000000000        0x0 /usr/lib/gcc/x86_64-linux-gnu/4.3.2/../../../../lib/crt1.o
 .rela.text.ttysize_main
                0x0000000000000000        0x0 /usr/lib/gcc/x86_64-linux-gnu/4.3.2/../../../../lib/crt1.o
 .rela.text.watchdog_main
                0x0000000000000000        0x0 /usr/lib/gcc/x86_64-linux-gnu/4.3.2/../../../../lib/crt1.o
 .rela.text.watchdog_shutdown
                0x0000000000000000        0x0 /usr/lib/gcc/x86_64-linux-gnu/4.3.2/../../../../lib/crt1.o
 .rela.text.appendc
                0x0000000000000000        0x0 /usr/lib/gcc/x86_64-linux-gnu/4.3.2/../../../../lib/crt1.o
 .rela.text.reset_stringbuf
                0x0000000000000000        0x0 /usr/lib/gcc/x86_64-linux-gnu/4.3.2/../../../../lib/crt1.o
 .rela.text.moderror
                0x0000000000000000        0x0 /usr/lib/gcc/x86_64-linux-gnu/4.3.2/../../../../lib/crt1.o
 .rela.text.load_dep_bb
                0x0000000000000000        0x0 /usr/lib/gcc/x86_64-linux-gnu/4.3.2/../../../../lib/crt1.o
 .rela.text.pathname_matches_modname
                0x0000000000000000        0x0 /usr/lib/gcc/x86_64-linux-gnu/4.3.2/../../../../lib/crt1.o
 .rela.text.load_module
                0x0000000000000000        0x0 /usr/lib/gcc/x86_64-linux-gnu/4.3.2/../../../../lib/crt1.o
 .rela.text.find_keyword
                0x0000000000000000        0x0 /usr/lib/gcc/x86_64-linux-gnu/4.3.2/../../../../lib/crt1.o
 .rela.text.append
                0x0000000000000000        0x0 /usr/lib/gcc/x86_64-linux-gnu/4.3.2/../../../../lib/crt1.o
 .rela.text.copy_stringbuf
                0x0000000000000000        0x0 /usr/lib/gcc/x86_64-linux-gnu/4.3.2/../../../../lib/crt1.o
 .rela.text.parse_module
                0x0000000000000000        0x0 /usr/lib/gcc/x86_64-linux-gnu/4.3.2/../../../../lib/crt1.o
 .rela.text.str_2_list
                0x0000000000000000        0x0 /usr/lib/gcc/x86_64-linux-gnu/4.3.2/../../../../lib/crt1.o
 .rela.text.find_alias
                0x0000000000000000        0x0 /usr/lib/gcc/x86_64-linux-gnu/4.3.2/../../../../lib/crt1.o
 .rela.text.process_module
                0x0000000000000000        0x0 /usr/lib/gcc/x86_64-linux-gnu/4.3.2/../../../../lib/crt1.o
 .rela.text.modprobe_main
                0x0000000000000000        0x0 /usr/lib/gcc/x86_64-linux-gnu/4.3.2/../../../../lib/crt1.o
 .rela.text.fileAction
                0x0000000000000000        0x0 /usr/lib/gcc/x86_64-linux-gnu/4.3.2/../../../../lib/crt1.o
 .rela.text.arp_show
                0x0000000000000000        0x0 /usr/lib/gcc/x86_64-linux-gnu/4.3.2/../../../../lib/crt1.o
 .rela.text.arp_main
                0x0000000000000000        0x0 /usr/lib/gcc/x86_64-linux-gnu/4.3.2/../../../../lib/crt1.o
 .rela.text.finish
                0x0000000000000000        0x0 /usr/lib/gcc/x86_64-linux-gnu/4.3.2/../../../../lib/crt1.o
 .rela.text.catcher
                0x0000000000000000        0x0 /usr/lib/gcc/x86_64-linux-gnu/4.3.2/../../../../lib/crt1.o
 .rela.text.arping_main
                0x0000000000000000        0x0 /usr/lib/gcc/x86_64-linux-gnu/4.3.2/../../../../lib/crt1.o
 .rela.text.brctl_main
                0x0000000000000000        0x0 /usr/lib/gcc/x86_64-linux-gnu/4.3.2/../../../../lib/crt1.o
 .rela.text.dnsd_main
                0x0000000000000000        0x0 /usr/lib/gcc/x86_64-linux-gnu/4.3.2/../../../../lib/crt1.o
 .rela.text.interrupt
                0x0000000000000000        0x0 /usr/lib/gcc/x86_64-linux-gnu/4.3.2/../../../../lib/crt1.o
 .rela.text.ether_wake_main
                0x0000000000000000        0x0 /usr/lib/gcc/x86_64-linux-gnu/4.3.2/../../../../lib/crt1.o
 .rela.text.ftp_die
                0x0000000000000000        0x0 /usr/lib/gcc/x86_64-linux-gnu/4.3.2/../../../../lib/crt1.o
 .rela.text.ftpcmd
                0x0000000000000000        0x0 /usr/lib/gcc/x86_64-linux-gnu/4.3.2/../../../../lib/crt1.o
 .rela.text.ftpgetput_main
                0x0000000000000000        0x0 /usr/lib/gcc/x86_64-linux-gnu/4.3.2/../../../../lib/crt1.o
 .rela.text.xconnect_ftpdata
                0x0000000000000000        0x0 /usr/lib/gcc/x86_64-linux-gnu/4.3.2/../../../../lib/crt1.o
 .rela.text.pump_data_and_QUIT
                0x0000000000000000        0x0 /usr/lib/gcc/x86_64-linux-gnu/4.3.2/../../../../lib/crt1.o
 .rela.text.ftp_receive
                0x0000000000000000        0x0 /usr/lib/gcc/x86_64-linux-gnu/4.3.2/../../../../lib/crt1.o
 .rela.text.do_sethostname
                0x0000000000000000        0x0 /usr/lib/gcc/x86_64-linux-gnu/4.3.2/../../../../lib/crt1.o
 .rela.text.hostname_main
                0x0000000000000000        0x0 /usr/lib/gcc/x86_64-linux-gnu/4.3.2/../../../../lib/crt1.o
 .rela.text.checkPermIP
                0x0000000000000000        0x0 /usr/lib/gcc/x86_64-linux-gnu/4.3.2/../../../../lib/crt1.o
 .rela.text.free_llist
                0x0000000000000000        0x0 /usr/lib/gcc/x86_64-linux-gnu/4.3.2/../../../../lib/crt1.o
 .rela.text.parse_conf
                0x0000000000000000        0x0 /usr/lib/gcc/x86_64-linux-gnu/4.3.2/../../../../lib/crt1.o
 .rela.text.sighup_handler
                0x0000000000000000        0x0 /usr/lib/gcc/x86_64-linux-gnu/4.3.2/../../../../lib/crt1.o
 .rela.text.get_line
                0x0000000000000000        0x0 /usr/lib/gcc/x86_64-linux-gnu/4.3.2/../../../../lib/crt1.o
 .rela.text.check_user_passwd
                0x0000000000000000        0x0 /usr/lib/gcc/x86_64-linux-gnu/4.3.2/../../../../lib/crt1.o
 .rela.text.log_and_exit
                0x0000000000000000        0x0 /usr/lib/gcc/x86_64-linux-gnu/4.3.2/../../../../lib/crt1.o
 .rela.text.cgi_io_loop_and_exit
                0x0000000000000000        0x0 /usr/lib/gcc/x86_64-linux-gnu/4.3.2/../../../../lib/crt1.o
 .rela.text.setenv1
                0x0000000000000000        0x0 /usr/lib/gcc/x86_64-linux-gnu/4.3.2/../../../../lib/crt1.o
 .rela.text.send_file_and_exit
                0x0000000000000000        0x0 /usr/lib/gcc/x86_64-linux-gnu/4.3.2/../../../../lib/crt1.o
 .rela.text.send_headers
                0x0000000000000000        0x0 /usr/lib/gcc/x86_64-linux-gnu/4.3.2/../../../../lib/crt1.o
 .rela.text.send_cgi_and_exit
                0x0000000000000000        0x0 /usr/lib/gcc/x86_64-linux-gnu/4.3.2/../../../../lib/crt1.o
 .rela.text.handle_incoming_and_exit
                0x0000000000000000        0x0 /usr/lib/gcc/x86_64-linux-gnu/4.3.2/../../../../lib/crt1.o
 .rela.text.httpd_main
                0x0000000000000000        0x0 /usr/lib/gcc/x86_64-linux-gnu/4.3.2/../../../../lib/crt1.o
 .rela.text.ifconfig_main
                0x0000000000000000        0x0 /usr/lib/gcc/x86_64-linux-gnu/4.3.2/../../../../lib/crt1.o
 .rela.text.strncpy_IFNAMSIZ
                0x0000000000000000        0x0 /usr/lib/gcc/x86_64-linux-gnu/4.3.2/../../../../lib/crt1.o
 .rela.text.ioctl_on_skfd
                0x0000000000000000        0x0 /usr/lib/gcc/x86_64-linux-gnu/4.3.2/../../../../lib/crt1.o
 .rela.text.get_drv_info
                0x0000000000000000        0x0 /usr/lib/gcc/x86_64-linux-gnu/4.3.2/../../../../lib/crt1.o
 .rela.text.get_slave_flags
                0x0000000000000000        0x0 /usr/lib/gcc/x86_64-linux-gnu/4.3.2/../../../../lib/crt1.o
 .rela.text.enslave
                0x0000000000000000        0x0 /usr/lib/gcc/x86_64-linux-gnu/4.3.2/../../../../lib/crt1.o
 .rela.text.ifenslave_main
                0x0000000000000000        0x0 /usr/lib/gcc/x86_64-linux-gnu/4.3.2/../../../../lib/crt1.o
 .rela.text.strncmpz
                0x0000000000000000        0x0 /usr/lib/gcc/x86_64-linux-gnu/4.3.2/../../../../lib/crt1.o
 .rela.text.get_var
                0x0000000000000000        0x0 /usr/lib/gcc/x86_64-linux-gnu/4.3.2/../../../../lib/crt1.o
 .rela.text.find_iface_state
                0x0000000000000000        0x0 /usr/lib/gcc/x86_64-linux-gnu/4.3.2/../../../../lib/crt1.o
 .rela.text.addstr
                0x0000000000000000        0x0 /usr/lib/gcc/x86_64-linux-gnu/4.3.2/../../../../lib/crt1.o
 .rela.text.execute
                0x0000000000000000        0x0 /usr/lib/gcc/x86_64-linux-gnu/4.3.2/../../../../lib/crt1.o
 .rela.text.dhcp_down
                0x0000000000000000        0x0 /usr/lib/gcc/x86_64-linux-gnu/4.3.2/../../../../lib/crt1.o
 .rela.text.next_word
                0x0000000000000000        0x0 /usr/lib/gcc/x86_64-linux-gnu/4.3.2/../../../../lib/crt1.o
 .rela.text.popen2
                0x0000000000000000        0x0 /usr/lib/gcc/x86_64-linux-gnu/4.3.2/../../../../lib/crt1.o
 .rela.text.read_iface_state
                0x0000000000000000        0x0 /usr/lib/gcc/x86_64-linux-gnu/4.3.2/../../../../lib/crt1.o
 .rela.text.ifupdown_main
                0x0000000000000000        0x0 /usr/lib/gcc/x86_64-linux-gnu/4.3.2/../../../../lib/crt1.o
 .rela.text.setlocalenv
                0x0000000000000000        0x0 /usr/lib/gcc/x86_64-linux-gnu/4.3.2/../../../../lib/crt1.o
 .rela.text.set_environ
                0x0000000000000000        0x0 /usr/lib/gcc/x86_64-linux-gnu/4.3.2/../../../../lib/crt1.o
 .rela.text.doit
                0x0000000000000000        0x0 /usr/lib/gcc/x86_64-linux-gnu/4.3.2/../../../../lib/crt1.o
 .rela.text.execute_all
                0x0000000000000000        0x0 /usr/lib/gcc/x86_64-linux-gnu/4.3.2/../../../../lib/crt1.o
 .rela.text.remove_fd_from_set
                0x0000000000000000        0x0 /usr/lib/gcc/x86_64-linux-gnu/4.3.2/../../../../lib/crt1.o
 .rela.text.discard_dg
                0x0000000000000000        0x0 /usr/lib/gcc/x86_64-linux-gnu/4.3.2/../../../../lib/crt1.o
 .rela.text.maybe_close
                0x0000000000000000        0x0 /usr/lib/gcc/x86_64-linux-gnu/4.3.2/../../../../lib/crt1.o
 .rela.text.free_servtab_strings
                0x0000000000000000        0x0 /usr/lib/gcc/x86_64-linux-gnu/4.3.2/../../../../lib/crt1.o
 .rela.text.bump_nofile
                0x0000000000000000        0x0 /usr/lib/gcc/x86_64-linux-gnu/4.3.2/../../../../lib/crt1.o
 .rela.text.add_fd_to_set
                0x0000000000000000        0x0 /usr/lib/gcc/x86_64-linux-gnu/4.3.2/../../../../lib/crt1.o
 .rela.text.block_CHLD_HUP_ALRM
                0x0000000000000000        0x0 /usr/lib/gcc/x86_64-linux-gnu/4.3.2/../../../../lib/crt1.o
 .rela.text.restore_sigmask
                0x0000000000000000        0x0 /usr/lib/gcc/x86_64-linux-gnu/4.3.2/../../../../lib/crt1.o
 .rela.text.rearm_alarm
                0x0000000000000000        0x0 /usr/lib/gcc/x86_64-linux-gnu/4.3.2/../../../../lib/crt1.o
 .rela.text.unregister_rpc
                0x0000000000000000        0x0 /usr/lib/gcc/x86_64-linux-gnu/4.3.2/../../../../lib/crt1.o
 .rela.text.clean_up_and_exit
                0x0000000000000000        0x0 /usr/lib/gcc/x86_64-linux-gnu/4.3.2/../../../../lib/crt1.o
 .rela.text.reap_child
                0x0000000000000000        0x0 /usr/lib/gcc/x86_64-linux-gnu/4.3.2/../../../../lib/crt1.o
 .rela.text.daytime_dg
                0x0000000000000000        0x0 /usr/lib/gcc/x86_64-linux-gnu/4.3.2/../../../../lib/crt1.o
 .rela.text.daytime_stream
                0x0000000000000000        0x0 /usr/lib/gcc/x86_64-linux-gnu/4.3.2/../../../../lib/crt1.o
 .rela.text.machtime
                0x0000000000000000        0x0 /usr/lib/gcc/x86_64-linux-gnu/4.3.2/../../../../lib/crt1.o
 .rela.text.machtime_dg
                0x0000000000000000        0x0 /usr/lib/gcc/x86_64-linux-gnu/4.3.2/../../../../lib/crt1.o
 .rela.text.init_ring
                0x0000000000000000        0x0 /usr/lib/gcc/x86_64-linux-gnu/4.3.2/../../../../lib/crt1.o
 .rela.text.chargen_dg
                0x0000000000000000        0x0 /usr/lib/gcc/x86_64-linux-gnu/4.3.2/../../../../lib/crt1.o
 .rela.text.chargen_stream
                0x0000000000000000        0x0 /usr/lib/gcc/x86_64-linux-gnu/4.3.2/../../../../lib/crt1.o
 .rela.text.discard_stream
                0x0000000000000000        0x0 /usr/lib/gcc/x86_64-linux-gnu/4.3.2/../../../../lib/crt1.o
 .rela.text.echo_stream
                0x0000000000000000        0x0 /usr/lib/gcc/x86_64-linux-gnu/4.3.2/../../../../lib/crt1.o
 .rela.text.echo_dg
                0x0000000000000000        0x0 /usr/lib/gcc/x86_64-linux-gnu/4.3.2/../../../../lib/crt1.o
 .rela.text.register_rpc
                0x0000000000000000        0x0 /usr/lib/gcc/x86_64-linux-gnu/4.3.2/../../../../lib/crt1.o
 .rela.text.prepare_socket_fd
                0x0000000000000000        0x0 /usr/lib/gcc/x86_64-linux-gnu/4.3.2/../../../../lib/crt1.o
 .rela.text.reread_config_file
                0x0000000000000000        0x0 /usr/lib/gcc/x86_64-linux-gnu/4.3.2/../../../../lib/crt1.o
 .rela.text.inetd_main
                0x0000000000000000        0x0 /usr/lib/gcc/x86_64-linux-gnu/4.3.2/../../../../lib/crt1.o
 .rela.text.retry_network_setup
                0x0000000000000000        0x0 /usr/lib/gcc/x86_64-linux-gnu/4.3.2/../../../../lib/crt1.o
 .rela.text.ether_input
                0x0000000000000000        0x0 /usr/lib/gcc/x86_64-linux-gnu/4.3.2/../../../../lib/crt1.o
 .rela.text.in_ib
                0x0000000000000000        0x0 /usr/lib/gcc/x86_64-linux-gnu/4.3.2/../../../../lib/crt1.o
 .rela.text.get_hwtype
                0x0000000000000000        0x0 /usr/lib/gcc/x86_64-linux-gnu/4.3.2/../../../../lib/crt1.o
 .rela.text.get_aftype
                0x0000000000000000        0x0 /usr/lib/gcc/x86_64-linux-gnu/4.3.2/../../../../lib/crt1.o
 .rela.text.add_interface
                0x0000000000000000        0x0 /usr/lib/gcc/x86_64-linux-gnu/4.3.2/../../../../lib/crt1.o
 .rela.text.if_readconf
                0x0000000000000000        0x0 /usr/lib/gcc/x86_64-linux-gnu/4.3.2/../../../../lib/crt1.o
 .rela.text.if_readlist_proc
                0x0000000000000000        0x0 /usr/lib/gcc/x86_64-linux-gnu/4.3.2/../../../../lib/crt1.o
 .rela.text.do_if_fetch
                0x0000000000000000        0x0 /usr/lib/gcc/x86_64-linux-gnu/4.3.2/../../../../lib/crt1.o
 .rela.text.print_bytes_scaled
                0x0000000000000000        0x0 /usr/lib/gcc/x86_64-linux-gnu/4.3.2/../../../../lib/crt1.o
 .rela.text.UNSPEC_print
                0x0000000000000000        0x0 /usr/lib/gcc/x86_64-linux-gnu/4.3.2/../../../../lib/crt1.o
 .rela.text.INET6_input
                0x0000000000000000        0x0 /usr/lib/gcc/x86_64-linux-gnu/4.3.2/../../../../lib/crt1.o
 .rela.text.INET_input
                0x0000000000000000        0x0 /usr/lib/gcc/x86_64-linux-gnu/4.3.2/../../../../lib/crt1.o
 .rela.text.INET_sprint
                0x0000000000000000        0x0 /usr/lib/gcc/x86_64-linux-gnu/4.3.2/../../../../lib/crt1.o
 .rela.text.INET6_sprint
                0x0000000000000000        0x0 /usr/lib/gcc/x86_64-linux-gnu/4.3.2/../../../../lib/crt1.o
 .rela.text.ife_print
                0x0000000000000000        0x0 /usr/lib/gcc/x86_64-linux-gnu/4.3.2/../../../../lib/crt1.o
 .rela.text.display_interfaces
                0x0000000000000000        0x0 /usr/lib/gcc/x86_64-linux-gnu/4.3.2/../../../../lib/crt1.o
 .rela.text.ether_print
                0x0000000000000000        0x0 /usr/lib/gcc/x86_64-linux-gnu/4.3.2/../../../../lib/crt1.o
 .rela.text.ip_do
                0x0000000000000000        0x0 /usr/lib/gcc/x86_64-linux-gnu/4.3.2/../../../../lib/crt1.o
 .rela.text.iptunnel_main
                0x0000000000000000        0x0 /usr/lib/gcc/x86_64-linux-gnu/4.3.2/../../../../lib/crt1.o
 .rela.text.iprule_main
                0x0000000000000000        0x0 /usr/lib/gcc/x86_64-linux-gnu/4.3.2/../../../../lib/crt1.o
 .rela.text.iproute_main
                0x0000000000000000        0x0 /usr/lib/gcc/x86_64-linux-gnu/4.3.2/../../../../lib/crt1.o
 .rela.text.iplink_main
                0x0000000000000000        0x0 /usr/lib/gcc/x86_64-linux-gnu/4.3.2/../../../../lib/crt1.o
 .rela.text.ipaddr_main
                0x0000000000000000        0x0 /usr/lib/gcc/x86_64-linux-gnu/4.3.2/../../../../lib/crt1.o
 .rela.text.ip_main
                0x0000000000000000        0x0 /usr/lib/gcc/x86_64-linux-gnu/4.3.2/../../../../lib/crt1.o
 .rela.text.ipcalc_main
                0x0000000000000000        0x0 /usr/lib/gcc/x86_64-linux-gnu/4.3.2/../../../../lib/crt1.o
 .rela.text.do_rd
                0x0000000000000000        0x0 /usr/lib/gcc/x86_64-linux-gnu/4.3.2/../../../../lib/crt1.o
 .rela.text.fakeidentd_main
                0x0000000000000000        0x0 /usr/lib/gcc/x86_64-linux-gnu/4.3.2/../../../../lib/crt1.o
 .rela.text.new_peer
                0x0000000000000000        0x0 /usr/lib/gcc/x86_64-linux-gnu/4.3.2/../../../../lib/crt1.o
 .rela.text.prepend_new_eth_table
                0x0000000000000000        0x0 /usr/lib/gcc/x86_64-linux-gnu/4.3.2/../../../../lib/crt1.o
 .rela.text.nameif_main
                0x0000000000000000        0x0 /usr/lib/gcc/x86_64-linux-gnu/4.3.2/../../../../lib/crt1.o
 .rela.text.nc_main
                0x0000000000000000        0x0 /usr/lib/gcc/x86_64-linux-gnu/4.3.2/../../../../lib/crt1.o
 .rela.text.prg_cache_get
                0x0000000000000000        0x0 /usr/lib/gcc/x86_64-linux-gnu/4.3.2/../../../../lib/crt1.o
 .rela.text.dir_act
                0x0000000000000000        0x0 /usr/lib/gcc/x86_64-linux-gnu/4.3.2/../../../../lib/crt1.o
 .rela.text.file_act
                0x0000000000000000        0x0 /usr/lib/gcc/x86_64-linux-gnu/4.3.2/../../../../lib/crt1.o
 .rela.text.do_info
                0x0000000000000000        0x0 /usr/lib/gcc/x86_64-linux-gnu/4.3.2/../../../../lib/crt1.o
 .rela.text.netstat_main
                0x0000000000000000        0x0 /usr/lib/gcc/x86_64-linux-gnu/4.3.2/../../../../lib/crt1.o
 .rela.text.build_ipv4_addr
                0x0000000000000000        0x0 /usr/lib/gcc/x86_64-linux-gnu/4.3.2/../../../../lib/crt1.o
 .rela.text.unix_do_one
                0x0000000000000000        0x0 /usr/lib/gcc/x86_64-linux-gnu/4.3.2/../../../../lib/crt1.o
 .rela.text.build_ipv6_addr
                0x0000000000000000        0x0 /usr/lib/gcc/x86_64-linux-gnu/4.3.2/../../../../lib/crt1.o
 .rela.text.scan_inet_proc_line
                0x0000000000000000        0x0 /usr/lib/gcc/x86_64-linux-gnu/4.3.2/../../../../lib/crt1.o
 .rela.text.ip_port_str
                0x0000000000000000        0x0 /usr/lib/gcc/x86_64-linux-gnu/4.3.2/../../../../lib/crt1.o
 .rela.text.print_inet_line
                0x0000000000000000        0x0 /usr/lib/gcc/x86_64-linux-gnu/4.3.2/../../../../lib/crt1.o
 .rela.text.print_host
                0x0000000000000000        0x0 /usr/lib/gcc/x86_64-linux-gnu/4.3.2/../../../../lib/crt1.o
 .rela.text.nslookup_main
                0x0000000000000000        0x0 /usr/lib/gcc/x86_64-linux-gnu/4.3.2/../../../../lib/crt1.o
 .rela.text.sendping_tail
                0x0000000000000000        0x0 /usr/lib/gcc/x86_64-linux-gnu/4.3.2/../../../../lib/crt1.o
 .rela.text.sendping6
                0x0000000000000000        0x0 /usr/lib/gcc/x86_64-linux-gnu/4.3.2/../../../../lib/crt1.o
 .rela.text.sendping4
                0x0000000000000000        0x0 /usr/lib/gcc/x86_64-linux-gnu/4.3.2/../../../../lib/crt1.o
 .rela.text.unpack_tail
                0x0000000000000000        0x0 /usr/lib/gcc/x86_64-linux-gnu/4.3.2/../../../../lib/crt1.o
 .rela.text.ping6
                0x0000000000000000        0x0 /usr/lib/gcc/x86_64-linux-gnu/4.3.2/../../../../lib/crt1.o
 .rela.text.ping4
                0x0000000000000000        0x0 /usr/lib/gcc/x86_64-linux-gnu/4.3.2/../../../../lib/crt1.o
 .rela.text.print_stats_and_exit
                0x0000000000000000        0x0 /usr/lib/gcc/x86_64-linux-gnu/4.3.2/../../../../lib/crt1.o
 .rela.text.ping_main
                0x0000000000000000        0x0 /usr/lib/gcc/x86_64-linux-gnu/4.3.2/../../../../lib/crt1.o
 .rela.text.pscan_main
                0x0000000000000000        0x0 /usr/lib/gcc/x86_64-linux-gnu/4.3.2/../../../../lib/crt1.o
 .rela.text.kw_lookup
                0x0000000000000000        0x0 /usr/lib/gcc/x86_64-linux-gnu/4.3.2/../../../../lib/crt1.o
 .rela.text.INET6_displayroutes
                0x0000000000000000        0x0 /usr/lib/gcc/x86_64-linux-gnu/4.3.2/../../../../lib/crt1.o
 .rela.text.bb_displayroutes
                0x0000000000000000        0x0 /usr/lib/gcc/x86_64-linux-gnu/4.3.2/../../../../lib/crt1.o
 .rela.text.route_main
                0x0000000000000000        0x0 /usr/lib/gcc/x86_64-linux-gnu/4.3.2/../../../../lib/crt1.o
 .rela.text.set_termios_state_or_warn
                0x0000000000000000        0x0 /usr/lib/gcc/x86_64-linux-gnu/4.3.2/../../../../lib/crt1.o
 .rela.text.restore_state_and_exit
                0x0000000000000000        0x0 /usr/lib/gcc/x86_64-linux-gnu/4.3.2/../../../../lib/crt1.o
 .rela.text.slattach_main
                0x0000000000000000        0x0 /usr/lib/gcc/x86_64-linux-gnu/4.3.2/../../../../lib/crt1.o
 .rela.text.connection_status
                0x0000000000000000        0x0 /usr/lib/gcc/x86_64-linux-gnu/4.3.2/../../../../lib/crt1.o
 .rela.text.xsetenv_proto
                0x0000000000000000        0x0 /usr/lib/gcc/x86_64-linux-gnu/4.3.2/../../../../lib/crt1.o
 .rela.text.xsetenv_plain
                0x0000000000000000        0x0 /usr/lib/gcc/x86_64-linux-gnu/4.3.2/../../../../lib/crt1.o
 .rela.text.tcpudpsvd_main
                0x0000000000000000        0x0 /usr/lib/gcc/x86_64-linux-gnu/4.3.2/../../../../lib/crt1.o
 .rela.text.sig_term_handler
                0x0000000000000000        0x0 /usr/lib/gcc/x86_64-linux-gnu/4.3.2/../../../../lib/crt1.o
 .rela.text.sig_child_handler
                0x0000000000000000        0x0 /usr/lib/gcc/x86_64-linux-gnu/4.3.2/../../../../lib/crt1.o
 .rela.text.ipsvd_perhost_remove
                0x0000000000000000        0x0 /usr/lib/gcc/x86_64-linux-gnu/4.3.2/../../../../lib/crt1.o
 .rela.text.ipsvd_perhost_add
                0x0000000000000000        0x0 /usr/lib/gcc/x86_64-linux-gnu/4.3.2/../../../../lib/crt1.o
 .rela.text.putiac
                0x0000000000000000        0x0 /usr/lib/gcc/x86_64-linux-gnu/4.3.2/../../../../lib/crt1.o
 .rela.text.iacflush
                0x0000000000000000        0x0 /usr/lib/gcc/x86_64-linux-gnu/4.3.2/../../../../lib/crt1.o
 .rela.text.putiac2
                0x0000000000000000        0x0 /usr/lib/gcc/x86_64-linux-gnu/4.3.2/../../../../lib/crt1.o
 .rela.text.rawmode
                0x0000000000000000        0x0 /usr/lib/gcc/x86_64-linux-gnu/4.3.2/../../../../lib/crt1.o
 .rela.text.cookmode
                0x0000000000000000        0x0 /usr/lib/gcc/x86_64-linux-gnu/4.3.2/../../../../lib/crt1.o
 .rela.text.setConMode
                0x0000000000000000        0x0 /usr/lib/gcc/x86_64-linux-gnu/4.3.2/../../../../lib/crt1.o
 .rela.text.doexit
                0x0000000000000000        0x0 /usr/lib/gcc/x86_64-linux-gnu/4.3.2/../../../../lib/crt1.o
 .rela.text.conescape
                0x0000000000000000        0x0 /usr/lib/gcc/x86_64-linux-gnu/4.3.2/../../../../lib/crt1.o
 .rela.text.handlenetoutput
                0x0000000000000000        0x0 /usr/lib/gcc/x86_64-linux-gnu/4.3.2/../../../../lib/crt1.o
 .rela.text.telnet_main
                0x0000000000000000        0x0 /usr/lib/gcc/x86_64-linux-gnu/4.3.2/../../../../lib/crt1.o
 .rela.text.make_new_session
                0x0000000000000000        0x0 /usr/lib/gcc/x86_64-linux-gnu/4.3.2/../../../../lib/crt1.o
 .rela.text.free_session
                0x0000000000000000        0x0 /usr/lib/gcc/x86_64-linux-gnu/4.3.2/../../../../lib/crt1.o
 .rela.text.telnetd_main
                0x0000000000000000        0x0 /usr/lib/gcc/x86_64-linux-gnu/4.3.2/../../../../lib/crt1.o
 .rela.text.handle_sigchld
                0x0000000000000000        0x0 /usr/lib/gcc/x86_64-linux-gnu/4.3.2/../../../../lib/crt1.o
 .rela.text.tftp_blksize_check
                0x0000000000000000        0x0 /usr/lib/gcc/x86_64-linux-gnu/4.3.2/../../../../lib/crt1.o
 .rela.text.tftp_get_option
                0x0000000000000000        0x0 /usr/lib/gcc/x86_64-linux-gnu/4.3.2/../../../../lib/crt1.o
 .rela.text.tftp_protocol
                0x0000000000000000        0x0 /usr/lib/gcc/x86_64-linux-gnu/4.3.2/../../../../lib/crt1.o
 .rela.text.tftpd_main
                0x0000000000000000        0x0 /usr/lib/gcc/x86_64-linux-gnu/4.3.2/../../../../lib/crt1.o
 .rela.text.tftp_main
                0x0000000000000000        0x0 /usr/lib/gcc/x86_64-linux-gnu/4.3.2/../../../../lib/crt1.o
 .rela.text.freehostinfo
                0x0000000000000000        0x0 /usr/lib/gcc/x86_64-linux-gnu/4.3.2/../../../../lib/crt1.o
 .rela.text.ifaddrlist
                0x0000000000000000        0x0 /usr/lib/gcc/x86_64-linux-gnu/4.3.2/../../../../lib/crt1.o
 .rela.text.gethostinfo
                0x0000000000000000        0x0 /usr/lib/gcc/x86_64-linux-gnu/4.3.2/../../../../lib/crt1.o
 .rela.text.traceroute_main
                0x0000000000000000        0x0 /usr/lib/gcc/x86_64-linux-gnu/4.3.2/../../../../lib/crt1.o
 .rela.text.xfind_str
                0x0000000000000000        0x0 /usr/lib/gcc/x86_64-linux-gnu/4.3.2/../../../../lib/crt1.o
 .rela.text.vconfig_main
                0x0000000000000000        0x0 /usr/lib/gcc/x86_64-linux-gnu/4.3.2/../../../../lib/crt1.o
 .rela.text.base64enc_512
                0x0000000000000000        0x0 /usr/lib/gcc/x86_64-linux-gnu/4.3.2/../../../../lib/crt1.o
 .rela.text.parse_url
                0x0000000000000000        0x0 /usr/lib/gcc/x86_64-linux-gnu/4.3.2/../../../../lib/crt1.o
 .rela.text.gethdr
                0x0000000000000000        0x0 /usr/lib/gcc/x86_64-linux-gnu/4.3.2/../../../../lib/crt1.o
 .rela.text.open_socket
                0x0000000000000000        0x0 /usr/lib/gcc/x86_64-linux-gnu/4.3.2/../../../../lib/crt1.o
 .rela.text.safe_fgets
                0x0000000000000000        0x0 /usr/lib/gcc/x86_64-linux-gnu/4.3.2/../../../../lib/crt1.o
 .rela.text.progressmeter
                0x0000000000000000        0x0 /usr/lib/gcc/x86_64-linux-gnu/4.3.2/../../../../lib/crt1.o
 .rela.text.wget_main
                0x0000000000000000        0x0 /usr/lib/gcc/x86_64-linux-gnu/4.3.2/../../../../lib/crt1.o
 .rela.text.pick
                0x0000000000000000        0x0 /usr/lib/gcc/x86_64-linux-gnu/4.3.2/../../../../lib/crt1.o
 .rela.text.arp
                0x0000000000000000        0x0 /usr/lib/gcc/x86_64-linux-gnu/4.3.2/../../../../lib/crt1.o
 .rela.text.run
                0x0000000000000000        0x0 /usr/lib/gcc/x86_64-linux-gnu/4.3.2/../../../../lib/crt1.o
 .rela.text.zcip_main
                0x0000000000000000        0x0 /usr/lib/gcc/x86_64-linux-gnu/4.3.2/../../../../lib/crt1.o
 .rela.text.isrv_close_fd
                0x0000000000000000        0x0 /usr/lib/gcc/x86_64-linux-gnu/4.3.2/../../../../lib/crt1.o
 .rela.text.handle_fd_set
                0x0000000000000000        0x0 /usr/lib/gcc/x86_64-linux-gnu/4.3.2/../../../../lib/crt1.o
 .rela.text.isrv_run
                0x0000000000000000        0x0 /usr/lib/gcc/x86_64-linux-gnu/4.3.2/../../../../lib/crt1.o
 .rela.text.ip_parse_common_args
                0x0000000000000000        0x0 /usr/lib/gcc/x86_64-linux-gnu/4.3.2/../../../../lib/crt1.o
 .rela.text.ipaddr_modify
                0x0000000000000000        0x0 /usr/lib/gcc/x86_64-linux-gnu/4.3.2/../../../../lib/crt1.o
 .rela.text.flush_update
                0x0000000000000000        0x0 /usr/lib/gcc/x86_64-linux-gnu/4.3.2/../../../../lib/crt1.o
 .rela.text.print_addrinfo
                0x0000000000000000        0x0 /usr/lib/gcc/x86_64-linux-gnu/4.3.2/../../../../lib/crt1.o
 .rela.text.ipaddr_list_or_flush
                0x0000000000000000        0x0 /usr/lib/gcc/x86_64-linux-gnu/4.3.2/../../../../lib/crt1.o
 .rela.text.do_ipaddr
                0x0000000000000000        0x0 /usr/lib/gcc/x86_64-linux-gnu/4.3.2/../../../../lib/crt1.o
 .rela.text.store_nlmsg
                0x0000000000000000        0x0 /usr/lib/gcc/x86_64-linux-gnu/4.3.2/../../../../lib/crt1.o
 .rela.text.get_ctl_fd
                0x0000000000000000        0x0 /usr/lib/gcc/x86_64-linux-gnu/4.3.2/../../../../lib/crt1.o
 .rela.text.do_iplink
                0x0000000000000000        0x0 /usr/lib/gcc/x86_64-linux-gnu/4.3.2/../../../../lib/crt1.o
 .rela.text.iproute_reset_filter
                0x0000000000000000        0x0 /usr/lib/gcc/x86_64-linux-gnu/4.3.2/../../../../lib/crt1.o
 .rela.text.print_route
                0x0000000000000000        0x0 /usr/lib/gcc/x86_64-linux-gnu/4.3.2/../../../../lib/crt1.o
 .rela.text.iproute_get
                0x0000000000000000        0x0 /usr/lib/gcc/x86_64-linux-gnu/4.3.2/../../../../lib/crt1.o
 .rela.text.iproute_list_or_flush
                0x0000000000000000        0x0 /usr/lib/gcc/x86_64-linux-gnu/4.3.2/../../../../lib/crt1.o
 .rela.text.iproute_modify
                0x0000000000000000        0x0 /usr/lib/gcc/x86_64-linux-gnu/4.3.2/../../../../lib/crt1.o
 .rela.text.do_iproute
                0x0000000000000000        0x0 /usr/lib/gcc/x86_64-linux-gnu/4.3.2/../../../../lib/crt1.o
 .rela.text.iprule_list
                0x0000000000000000        0x0 /usr/lib/gcc/x86_64-linux-gnu/4.3.2/../../../../lib/crt1.o
 .rela.text.print_rule
                0x0000000000000000        0x0 /usr/lib/gcc/x86_64-linux-gnu/4.3.2/../../../../lib/crt1.o
 .rela.text.iprule_modify
                0x0000000000000000        0x0 /usr/lib/gcc/x86_64-linux-gnu/4.3.2/../../../../lib/crt1.o
 .rela.text.do_iprule
                0x0000000000000000        0x0 /usr/lib/gcc/x86_64-linux-gnu/4.3.2/../../../../lib/crt1.o
 .rela.text.do_get_ioctl
                0x0000000000000000        0x0 /usr/lib/gcc/x86_64-linux-gnu/4.3.2/../../../../lib/crt1.o
 .rela.text.parse_args
                0x0000000000000000        0x0 /usr/lib/gcc/x86_64-linux-gnu/4.3.2/../../../../lib/crt1.o
 .rela.text.do_add_ioctl
                0x0000000000000000        0x0 /usr/lib/gcc/x86_64-linux-gnu/4.3.2/../../../../lib/crt1.o
 .rela.text.do_del_ioctl
                0x0000000000000000        0x0 /usr/lib/gcc/x86_64-linux-gnu/4.3.2/../../../../lib/crt1.o
 .rela.text.print_tunnel
                0x0000000000000000        0x0 /usr/lib/gcc/x86_64-linux-gnu/4.3.2/../../../../lib/crt1.o
 .rela.text.do_tunnels_list
                0x0000000000000000        0x0 /usr/lib/gcc/x86_64-linux-gnu/4.3.2/../../../../lib/crt1.o
 .rela.text.do_iptunnel
                0x0000000000000000        0x0 /usr/lib/gcc/x86_64-linux-gnu/4.3.2/../../../../lib/crt1.o
 .rela.text.rtnl_dump_request
                0x0000000000000000        0x0 /usr/lib/gcc/x86_64-linux-gnu/4.3.2/../../../../lib/crt1.o
 .rela.text.rtnl_talk
                0x0000000000000000        0x0 /usr/lib/gcc/x86_64-linux-gnu/4.3.2/../../../../lib/crt1.o
 .rela.text.xrtnl_dump_filter
                0x0000000000000000        0x0 /usr/lib/gcc/x86_64-linux-gnu/4.3.2/../../../../lib/crt1.o
 .rela.text.xrtnl_open
                0x0000000000000000        0x0 /usr/lib/gcc/x86_64-linux-gnu/4.3.2/../../../../lib/crt1.o
 .rela.text.rtnl_close
                0x0000000000000000        0x0 /usr/lib/gcc/x86_64-linux-gnu/4.3.2/../../../../lib/crt1.o
 .rela.text.ll_addr_a2n
                0x0000000000000000        0x0 /usr/lib/gcc/x86_64-linux-gnu/4.3.2/../../../../lib/crt1.o
 .rela.text.ll_addr_n2a
                0x0000000000000000        0x0 /usr/lib/gcc/x86_64-linux-gnu/4.3.2/../../../../lib/crt1.o
 .rela.text.xll_name_to_index
                0x0000000000000000        0x0 /usr/lib/gcc/x86_64-linux-gnu/4.3.2/../../../../lib/crt1.o
 .rela.text.ll_idx_n2a
                0x0000000000000000        0x0 /usr/lib/gcc/x86_64-linux-gnu/4.3.2/../../../../lib/crt1.o
 .rela.text.ll_remember_index
                0x0000000000000000        0x0 /usr/lib/gcc/x86_64-linux-gnu/4.3.2/../../../../lib/crt1.o
 .rela.text.ll_type_n2a
                0x0000000000000000        0x0 /usr/lib/gcc/x86_64-linux-gnu/4.3.2/../../../../lib/crt1.o
 .rela.text.rtnl_tab_initialize
                0x0000000000000000        0x0 /usr/lib/gcc/x86_64-linux-gnu/4.3.2/../../../../lib/crt1.o
 .rela.text.rtnl_rttable_a2n
                0x0000000000000000        0x0 /usr/lib/gcc/x86_64-linux-gnu/4.3.2/../../../../lib/crt1.o
 .rela.text.rtnl_dsfield_a2n
                0x0000000000000000        0x0 /usr/lib/gcc/x86_64-linux-gnu/4.3.2/../../../../lib/crt1.o
 .rela.text.rtnl_rtrealm_a2n
                0x0000000000000000        0x0 /usr/lib/gcc/x86_64-linux-gnu/4.3.2/../../../../lib/crt1.o
 .rela.text.rtnl_rtscope_a2n
                0x0000000000000000        0x0 /usr/lib/gcc/x86_64-linux-gnu/4.3.2/../../../../lib/crt1.o
 .rela.text.rtnl_rttable_n2a
                0x0000000000000000        0x0 /usr/lib/gcc/x86_64-linux-gnu/4.3.2/../../../../lib/crt1.o
 .rela.text.rtnl_dsfield_n2a
                0x0000000000000000        0x0 /usr/lib/gcc/x86_64-linux-gnu/4.3.2/../../../../lib/crt1.o
 .rela.text.rtnl_rtrealm_n2a
                0x0000000000000000        0x0 /usr/lib/gcc/x86_64-linux-gnu/4.3.2/../../../../lib/crt1.o
 .rela.text.rtnl_rtscope_n2a
                0x0000000000000000        0x0 /usr/lib/gcc/x86_64-linux-gnu/4.3.2/../../../../lib/crt1.o
 .rela.text.rtnl_rtprot_a2n
                0x0000000000000000        0x0 /usr/lib/gcc/x86_64-linux-gnu/4.3.2/../../../../lib/crt1.o
 .rela.text.rtnl_rtprot_n2a
                0x0000000000000000        0x0 /usr/lib/gcc/x86_64-linux-gnu/4.3.2/../../../../lib/crt1.o
 .rela.text.get_rt_realms
                0x0000000000000000        0x0 /usr/lib/gcc/x86_64-linux-gnu/4.3.2/../../../../lib/crt1.o
 .rela.text.rtnl_rtntype_a2n
                0x0000000000000000        0x0 /usr/lib/gcc/x86_64-linux-gnu/4.3.2/../../../../lib/crt1.o
 .rela.text.rtnl_rtntype_n2a
                0x0000000000000000        0x0 /usr/lib/gcc/x86_64-linux-gnu/4.3.2/../../../../lib/crt1.o
 .rela.text.rt_addr_n2a
                0x0000000000000000        0x0 /usr/lib/gcc/x86_64-linux-gnu/4.3.2/../../../../lib/crt1.o
 .rela.text.inet_addr_match
                0x0000000000000000        0x0 /usr/lib/gcc/x86_64-linux-gnu/4.3.2/../../../../lib/crt1.o
 .rela.text.get_addr_1
                0x0000000000000000        0x0 /usr/lib/gcc/x86_64-linux-gnu/4.3.2/../../../../lib/crt1.o
 .rela.text.get_s8
                0x0000000000000000        0x0 /usr/lib/gcc/x86_64-linux-gnu/4.3.2/../../../../lib/crt1.o
 .rela.text.get_s16
                0x0000000000000000        0x0 /usr/lib/gcc/x86_64-linux-gnu/4.3.2/../../../../lib/crt1.o
 .rela.text.get_integer
                0x0000000000000000        0x0 /usr/lib/gcc/x86_64-linux-gnu/4.3.2/../../../../lib/crt1.o
 .rela.text.get_u8
                0x0000000000000000        0x0 /usr/lib/gcc/x86_64-linux-gnu/4.3.2/../../../../lib/crt1.o
 .rela.text.get_u16
                0x0000000000000000        0x0 /usr/lib/gcc/x86_64-linux-gnu/4.3.2/../../../../lib/crt1.o
 .rela.text.get_u32
                0x0000000000000000        0x0 /usr/lib/gcc/x86_64-linux-gnu/4.3.2/../../../../lib/crt1.o
 .rela.text.get_unsigned
                0x0000000000000000        0x0 /usr/lib/gcc/x86_64-linux-gnu/4.3.2/../../../../lib/crt1.o
 .rela.text.get_prefix_1
                0x0000000000000000        0x0 /usr/lib/gcc/x86_64-linux-gnu/4.3.2/../../../../lib/crt1.o
 .rela.text.alloc_dhcp_option
                0x0000000000000000        0x0 /usr/lib/gcc/x86_64-linux-gnu/4.3.2/../../../../lib/crt1.o
 .rela.text.client_background
                0x0000000000000000        0x0 /usr/lib/gcc/x86_64-linux-gnu/4.3.2/../../../../lib/crt1.o
 .rela.text.change_listen_mode
                0x0000000000000000        0x0 /usr/lib/gcc/x86_64-linux-gnu/4.3.2/../../../../lib/crt1.o
 .rela.text.perform_release
                0x0000000000000000        0x0 /usr/lib/gcc/x86_64-linux-gnu/4.3.2/../../../../lib/crt1.o
 .rela.text.udhcpc_main
                0x0000000000000000        0x0 /usr/lib/gcc/x86_64-linux-gnu/4.3.2/../../../../lib/crt1.o
 .rela.text.udhcpd_main
                0x0000000000000000        0x0 /usr/lib/gcc/x86_64-linux-gnu/4.3.2/../../../../lib/crt1.o
 .rela.text.get_dhcp_packet_type
                0x0000000000000000        0x0 /usr/lib/gcc/x86_64-linux-gnu/4.3.2/../../../../lib/crt1.o
 .rela.text.dhcprelay_loop
                0x0000000000000000        0x0 /usr/lib/gcc/x86_64-linux-gnu/4.3.2/../../../../lib/crt1.o
 .rela.text.dhcprelay_main
                0x0000000000000000        0x0 /usr/lib/gcc/x86_64-linux-gnu/4.3.2/../../../../lib/crt1.o
 .rela.text.dumpleases_main
                0x0000000000000000        0x0 /usr/lib/gcc/x86_64-linux-gnu/4.3.2/../../../../lib/crt1.o
 .rela.text.read_leases
                0x0000000000000000        0x0 /usr/lib/gcc/x86_64-linux-gnu/4.3.2/../../../../lib/crt1.o
 .rela.text.write_leases
                0x0000000000000000        0x0 /usr/lib/gcc/x86_64-linux-gnu/4.3.2/../../../../lib/crt1.o
 .rela.text.read_yn
                0x0000000000000000        0x0 /usr/lib/gcc/x86_64-linux-gnu/4.3.2/../../../../lib/crt1.o
 .rela.text.read_config
                0x0000000000000000        0x0 /usr/lib/gcc/x86_64-linux-gnu/4.3.2/../../../../lib/crt1.o
 .rela.text.read_u32
                0x0000000000000000        0x0 /usr/lib/gcc/x86_64-linux-gnu/4.3.2/../../../../lib/crt1.o
 .rela.text.read_str
                0x0000000000000000        0x0 /usr/lib/gcc/x86_64-linux-gnu/4.3.2/../../../../lib/crt1.o
 .rela.text.read_ip
                0x0000000000000000        0x0 /usr/lib/gcc/x86_64-linux-gnu/4.3.2/../../../../lib/crt1.o
 .rela.text.read_staticlease
                0x0000000000000000        0x0 /usr/lib/gcc/x86_64-linux-gnu/4.3.2/../../../../lib/crt1.o
 .rela.text.read_opt
                0x0000000000000000        0x0 /usr/lib/gcc/x86_64-linux-gnu/4.3.2/../../../../lib/crt1.o
 .rela.text.find_lease_by_yiaddr
                0x0000000000000000        0x0 /usr/lib/gcc/x86_64-linux-gnu/4.3.2/../../../../lib/crt1.o
 .rela.text.find_lease_by_chaddr
                0x0000000000000000        0x0 /usr/lib/gcc/x86_64-linux-gnu/4.3.2/../../../../lib/crt1.o
 .rela.text.lease_expired
                0x0000000000000000        0x0 /usr/lib/gcc/x86_64-linux-gnu/4.3.2/../../../../lib/crt1.o
 .rela.text.add_lease
                0x0000000000000000        0x0 /usr/lib/gcc/x86_64-linux-gnu/4.3.2/../../../../lib/crt1.o
 .rela.text.find_address
                0x0000000000000000        0x0 /usr/lib/gcc/x86_64-linux-gnu/4.3.2/../../../../lib/crt1.o
 .rela.text.udhcp_send_kernel_packet
                0x0000000000000000        0x0 /usr/lib/gcc/x86_64-linux-gnu/4.3.2/../../../../lib/crt1.o
 .rela.text.udhcp_send_raw_packet
                0x0000000000000000        0x0 /usr/lib/gcc/x86_64-linux-gnu/4.3.2/../../../../lib/crt1.o
 .rela.text.udhcp_recv_kernel_packet
                0x0000000000000000        0x0 /usr/lib/gcc/x86_64-linux-gnu/4.3.2/../../../../lib/crt1.o
 .rela.text.sprintip
                0x0000000000000000        0x0 /usr/lib/gcc/x86_64-linux-gnu/4.3.2/../../../../lib/crt1.o
 .rela.text.udhcp_run_script
                0x0000000000000000        0x0 /usr/lib/gcc/x86_64-linux-gnu/4.3.2/../../../../lib/crt1.o
 .rela.text.init_packet
                0x0000000000000000        0x0 /usr/lib/gcc/x86_64-linux-gnu/4.3.2/../../../../lib/crt1.o
 .rela.text.add_bootp_options
                0x0000000000000000        0x0 /usr/lib/gcc/x86_64-linux-gnu/4.3.2/../../../../lib/crt1.o
 .rela.text.send_packet
                0x0000000000000000        0x0 /usr/lib/gcc/x86_64-linux-gnu/4.3.2/../../../../lib/crt1.o
 .rela.text.send_inform
                0x0000000000000000        0x0 /usr/lib/gcc/x86_64-linux-gnu/4.3.2/../../../../lib/crt1.o
 .rela.text.send_ACK
                0x0000000000000000        0x0 /usr/lib/gcc/x86_64-linux-gnu/4.3.2/../../../../lib/crt1.o
 .rela.text.send_offer
                0x0000000000000000        0x0 /usr/lib/gcc/x86_64-linux-gnu/4.3.2/../../../../lib/crt1.o
 .rela.text.udhcp_sp_setup
                0x0000000000000000        0x0 /usr/lib/gcc/x86_64-linux-gnu/4.3.2/../../../../lib/crt1.o
 .rela.text.udhcp_listen_socket
                0x0000000000000000        0x0 /usr/lib/gcc/x86_64-linux-gnu/4.3.2/../../../../lib/crt1.o
 .rela.text.udhcp_read_interface
                0x0000000000000000        0x0 /usr/lib/gcc/x86_64-linux-gnu/4.3.2/../../../../lib/crt1.o
 .rela.text.getIpByMac
                0x0000000000000000        0x0 /usr/lib/gcc/x86_64-linux-gnu/4.3.2/../../../../lib/crt1.o
 .rela.text.arpping
                0x0000000000000000        0x0 /usr/lib/gcc/x86_64-linux-gnu/4.3.2/../../../../lib/crt1.o
 .rela.text.udhcp_recv_raw_packet
                0x0000000000000000        0x0 /usr/lib/gcc/x86_64-linux-gnu/4.3.2/../../../../lib/crt1.o
 .rela.text.add_param_req_option
                0x0000000000000000        0x0 /usr/lib/gcc/x86_64-linux-gnu/4.3.2/../../../../lib/crt1.o
 .rela.text.raw_bcast_from_client_config_ifindex
                0x0000000000000000        0x0 /usr/lib/gcc/x86_64-linux-gnu/4.3.2/../../../../lib/crt1.o
 .rela.text.send_renew
                0x0000000000000000        0x0 /usr/lib/gcc/x86_64-linux-gnu/4.3.2/../../../../lib/crt1.o
 .rela.text.send_discover
                0x0000000000000000        0x0 /usr/lib/gcc/x86_64-linux-gnu/4.3.2/../../../../lib/crt1.o
 .rela.text.send_decline
                0x0000000000000000        0x0 /usr/lib/gcc/x86_64-linux-gnu/4.3.2/../../../../lib/crt1.o
 .rela.text.send_select
                0x0000000000000000        0x0 /usr/lib/gcc/x86_64-linux-gnu/4.3.2/../../../../lib/crt1.o
 .rela.text.random_xid
                0x0000000000000000        0x0 /usr/lib/gcc/x86_64-linux-gnu/4.3.2/../../../../lib/crt1.o
 .rela.text.send_release
                0x0000000000000000        0x0 /usr/lib/gcc/x86_64-linux-gnu/4.3.2/../../../../lib/crt1.o
 .rela.text.udhcp_raw_socket
                0x0000000000000000        0x0 /usr/lib/gcc/x86_64-linux-gnu/4.3.2/../../../../lib/crt1.o
 .rela.text.dname_enc
                0x0000000000000000        0x0 /usr/lib/gcc/x86_64-linux-gnu/4.3.2/../../../../lib/crt1.o
 .rela.text.dname_dec
                0x0000000000000000        0x0 /usr/lib/gcc/x86_64-linux-gnu/4.3.2/../../../../lib/crt1.o
 .rela.text.sane
                0x0000000000000000        0x0 /usr/lib/gcc/x86_64-linux-gnu/4.3.2/../../../../lib/crt1.o
 .rela.text.lpd_main
                0x0000000000000000        0x0 /usr/lib/gcc/x86_64-linux-gnu/4.3.2/../../../../lib/crt1.o
 .rela.text.lpqr_main
                0x0000000000000000        0x0 /usr/lib/gcc/x86_64-linux-gnu/4.3.2/../../../../lib/crt1.o
 .rela.text.free_main
                0x0000000000000000        0x0 /usr/lib/gcc/x86_64-linux-gnu/4.3.2/../../../../lib/crt1.o
 .rela.text.search_dev_inode
                0x0000000000000000        0x0 /usr/lib/gcc/x86_64-linux-gnu/4.3.2/../../../../lib/crt1.o
 .rela.text.file_to_dev_inode
                0x0000000000000000        0x0 /usr/lib/gcc/x86_64-linux-gnu/4.3.2/../../../../lib/crt1.o
 .rela.text.scan_proc_net
                0x0000000000000000        0x0 /usr/lib/gcc/x86_64-linux-gnu/4.3.2/../../../../lib/crt1.o
 .rela.text.scan_dir_links
                0x0000000000000000        0x0 /usr/lib/gcc/x86_64-linux-gnu/4.3.2/../../../../lib/crt1.o
 .rela.text.scan_pid_maps
                0x0000000000000000        0x0 /usr/lib/gcc/x86_64-linux-gnu/4.3.2/../../../../lib/crt1.o
 .rela.text.fuser_main
                0x0000000000000000        0x0 /usr/lib/gcc/x86_64-linux-gnu/4.3.2/../../../../lib/crt1.o
 .rela.text.kill_main
                0x0000000000000000        0x0 /usr/lib/gcc/x86_64-linux-gnu/4.3.2/../../../../lib/crt1.o
 .rela.text.put_c
                0x0000000000000000        0x0 /usr/lib/gcc/x86_64-linux-gnu/4.3.2/../../../../lib/crt1.o
 .rela.text.init_cr
                0x0000000000000000        0x0 /usr/lib/gcc/x86_64-linux-gnu/4.3.2/../../../../lib/crt1.o
 .rela.text.init_delay
                0x0000000000000000        0x0 /usr/lib/gcc/x86_64-linux-gnu/4.3.2/../../../../lib/crt1.o
 .rela.text.init_cpu
                0x0000000000000000        0x0 /usr/lib/gcc/x86_64-linux-gnu/4.3.2/../../../../lib/crt1.o
 .rela.text.vrdval
                0x0000000000000000        0x0 /usr/lib/gcc/x86_64-linux-gnu/4.3.2/../../../../lib/crt1.o
 .rela.text.get_file
                0x0000000000000000        0x0 /usr/lib/gcc/x86_64-linux-gnu/4.3.2/../../../../lib/crt1.o
 .rela.text.init_int
                0x0000000000000000        0x0 /usr/lib/gcc/x86_64-linux-gnu/4.3.2/../../../../lib/crt1.o
 .rela.text.put
                0x0000000000000000        0x0 /usr/lib/gcc/x86_64-linux-gnu/4.3.2/../../../../lib/crt1.o
 .rela.text.collect_blk
                0x0000000000000000        0x0 /usr/lib/gcc/x86_64-linux-gnu/4.3.2/../../../../lib/crt1.o
 .rela.text.collect_fork
                0x0000000000000000        0x0 /usr/lib/gcc/x86_64-linux-gnu/4.3.2/../../../../lib/crt1.o
 .rela.text.collect_thread_nr
                0x0000000000000000        0x0 /usr/lib/gcc/x86_64-linux-gnu/4.3.2/../../../../lib/crt1.o
 .rela.text.collect_ctx
                0x0000000000000000        0x0 /usr/lib/gcc/x86_64-linux-gnu/4.3.2/../../../../lib/crt1.o
 .rela.text.collect_int
                0x0000000000000000        0x0 /usr/lib/gcc/x86_64-linux-gnu/4.3.2/../../../../lib/crt1.o
 .rela.text.collect_fd
                0x0000000000000000        0x0 /usr/lib/gcc/x86_64-linux-gnu/4.3.2/../../../../lib/crt1.o
 .rela.text.collect_swp
                0x0000000000000000        0x0 /usr/lib/gcc/x86_64-linux-gnu/4.3.2/../../../../lib/crt1.o
 .rela.text.collect_mem
                0x0000000000000000        0x0 /usr/lib/gcc/x86_64-linux-gnu/4.3.2/../../../../lib/crt1.o
 .rela.text.collect_if
                0x0000000000000000        0x0 /usr/lib/gcc/x86_64-linux-gnu/4.3.2/../../../../lib/crt1.o
 .rela.text.collect_time
                0x0000000000000000        0x0 /usr/lib/gcc/x86_64-linux-gnu/4.3.2/../../../../lib/crt1.o
 .rela.text.collect_cpu
                0x0000000000000000        0x0 /usr/lib/gcc/x86_64-linux-gnu/4.3.2/../../../../lib/crt1.o
 .rela.text.collect_info
                0x0000000000000000        0x0 /usr/lib/gcc/x86_64-linux-gnu/4.3.2/../../../../lib/crt1.o
 .rela.text.nmeter_main
                0x0000000000000000        0x0 /usr/lib/gcc/x86_64-linux-gnu/4.3.2/../../../../lib/crt1.o
 .rela.text.act
                0x0000000000000000        0x0 /usr/lib/gcc/x86_64-linux-gnu/4.3.2/../../../../lib/crt1.o
 .rela.text.pgrep_main
                0x0000000000000000        0x0 /usr/lib/gcc/x86_64-linux-gnu/4.3.2/../../../../lib/crt1.o
 .rela.text.pidof_main
                0x0000000000000000        0x0 /usr/lib/gcc/x86_64-linux-gnu/4.3.2/../../../../lib/crt1.o
 .rela.text.ps_main
                0x0000000000000000        0x0 /usr/lib/gcc/x86_64-linux-gnu/4.3.2/../../../../lib/crt1.o
 .rela.text.renice_main
                0x0000000000000000        0x0 /usr/lib/gcc/x86_64-linux-gnu/4.3.2/../../../../lib/crt1.o
 .rela.text.sysctl_dots_to_slashes
                0x0000000000000000        0x0 /usr/lib/gcc/x86_64-linux-gnu/4.3.2/../../../../lib/crt1.o
 .rela.text.sysctl_write_setting
                0x0000000000000000        0x0 /usr/lib/gcc/x86_64-linux-gnu/4.3.2/../../../../lib/crt1.o
 .rela.text.sysctl_read_setting
                0x0000000000000000        0x0 /usr/lib/gcc/x86_64-linux-gnu/4.3.2/../../../../lib/crt1.o
 .rela.text.sysctl_display_all
                0x0000000000000000        0x0 /usr/lib/gcc/x86_64-linux-gnu/4.3.2/../../../../lib/crt1.o
 .rela.text.sysctl_main
                0x0000000000000000        0x0 /usr/lib/gcc/x86_64-linux-gnu/4.3.2/../../../../lib/crt1.o
 .rela.text.mult_lvl_cmp
                0x0000000000000000        0x0 /usr/lib/gcc/x86_64-linux-gnu/4.3.2/../../../../lib/crt1.o
 .rela.text.topmem_sort
                0x0000000000000000        0x0 /usr/lib/gcc/x86_64-linux-gnu/4.3.2/../../../../lib/crt1.o
 .rela.text.reset_term
                0x0000000000000000        0x0 /usr/lib/gcc/x86_64-linux-gnu/4.3.2/../../../../lib/crt1.o
 .rela.text.fmt_100percent_8
                0x0000000000000000        0x0 /usr/lib/gcc/x86_64-linux-gnu/4.3.2/../../../../lib/crt1.o
 .rela.text.display_header
                0x0000000000000000        0x0 /usr/lib/gcc/x86_64-linux-gnu/4.3.2/../../../../lib/crt1.o
 .rela.text.display_process_list
                0x0000000000000000        0x0 /usr/lib/gcc/x86_64-linux-gnu/4.3.2/../../../../lib/crt1.o
 .rela.text.grab_number
                0x0000000000000000        0x0 /usr/lib/gcc/x86_64-linux-gnu/4.3.2/../../../../lib/crt1.o
 .rela.text.display_topmem_process_list
                0x0000000000000000        0x0 /usr/lib/gcc/x86_64-linux-gnu/4.3.2/../../../../lib/crt1.o
 .rela.text.clearmems
                0x0000000000000000        0x0 /usr/lib/gcc/x86_64-linux-gnu/4.3.2/../../../../lib/crt1.o
 .rela.text.read_cpu_jiffy
                0x0000000000000000        0x0 /usr/lib/gcc/x86_64-linux-gnu/4.3.2/../../../../lib/crt1.o
 .rela.text.get_jiffy_counts
                0x0000000000000000        0x0 /usr/lib/gcc/x86_64-linux-gnu/4.3.2/../../../../lib/crt1.o
 .rela.text.do_stats
                0x0000000000000000        0x0 /usr/lib/gcc/x86_64-linux-gnu/4.3.2/../../../../lib/crt1.o
 .rela.text.top_main
                0x0000000000000000        0x0 /usr/lib/gcc/x86_64-linux-gnu/4.3.2/../../../../lib/crt1.o
 .rela.text.sig_catcher
                0x0000000000000000        0x0 /usr/lib/gcc/x86_64-linux-gnu/4.3.2/../../../../lib/crt1.o
 .rela.text.uptime_main
                0x0000000000000000        0x0 /usr/lib/gcc/x86_64-linux-gnu/4.3.2/../../../../lib/crt1.o
 .rela.text.watch_main
                0x0000000000000000        0x0 /usr/lib/gcc/x86_64-linux-gnu/4.3.2/../../../../lib/crt1.o
 .rela.text.limit
                0x0000000000000000        0x0 /usr/lib/gcc/x86_64-linux-gnu/4.3.2/../../../../lib/crt1.o
 .rela.text.chpst_main
                0x0000000000000000        0x0 /usr/lib/gcc/x86_64-linux-gnu/4.3.2/../../../../lib/crt1.o
 .rela.text.warn_cannot
                0x0000000000000000        0x0 /usr/lib/gcc/x86_64-linux-gnu/4.3.2/../../../../lib/crt1.o
 .rela.text.fatal2x_cannot
                0x0000000000000000        0x0 /usr/lib/gcc/x86_64-linux-gnu/4.3.2/../../../../lib/crt1.o
 .rela.text.fatal2_cannot
                0x0000000000000000        0x0 /usr/lib/gcc/x86_64-linux-gnu/4.3.2/../../../../lib/crt1.o
 .rela.text.custom
                0x0000000000000000        0x0 /usr/lib/gcc/x86_64-linux-gnu/4.3.2/../../../../lib/crt1.o
 .rela.text.gettimeofday_ns
                0x0000000000000000        0x0 /usr/lib/gcc/x86_64-linux-gnu/4.3.2/../../../../lib/crt1.o
 .rela.text.s_term
                0x0000000000000000        0x0 /usr/lib/gcc/x86_64-linux-gnu/4.3.2/../../../../lib/crt1.o
 .rela.text.s_child
                0x0000000000000000        0x0 /usr/lib/gcc/x86_64-linux-gnu/4.3.2/../../../../lib/crt1.o
 .rela.text.open_trunc_or_warn
                0x0000000000000000        0x0 /usr/lib/gcc/x86_64-linux-gnu/4.3.2/../../../../lib/crt1.o
 .rela.text.update_status
                0x0000000000000000        0x0 /usr/lib/gcc/x86_64-linux-gnu/4.3.2/../../../../lib/crt1.o
 .rela.text.stopservice
                0x0000000000000000        0x0 /usr/lib/gcc/x86_64-linux-gnu/4.3.2/../../../../lib/crt1.o
 .rela.text.startservice
                0x0000000000000000        0x0 /usr/lib/gcc/x86_64-linux-gnu/4.3.2/../../../../lib/crt1.o
 .rela.text.ctrl
                0x0000000000000000        0x0 /usr/lib/gcc/x86_64-linux-gnu/4.3.2/../../../../lib/crt1.o
 .rela.text.runsv_main
                0x0000000000000000        0x0 /usr/lib/gcc/x86_64-linux-gnu/4.3.2/../../../../lib/crt1.o
 .rela.text.warn2_cannot
                0x0000000000000000        0x0 /usr/lib/gcc/x86_64-linux-gnu/4.3.2/../../../../lib/crt1.o
 .rela.text.runsv
                0x0000000000000000        0x0 /usr/lib/gcc/x86_64-linux-gnu/4.3.2/../../../../lib/crt1.o
 .rela.text.do_rescan
                0x0000000000000000        0x0 /usr/lib/gcc/x86_64-linux-gnu/4.3.2/../../../../lib/crt1.o
 .rela.text.runsvdir_main
                0x0000000000000000        0x0 /usr/lib/gcc/x86_64-linux-gnu/4.3.2/../../../../lib/crt1.o
 .rela.text.out
                0x0000000000000000        0x0 /usr/lib/gcc/x86_64-linux-gnu/4.3.2/../../../../lib/crt1.o
 .rela.text.fail
                0x0000000000000000        0x0 /usr/lib/gcc/x86_64-linux-gnu/4.3.2/../../../../lib/crt1.o
 .rela.text.failx
                0x0000000000000000        0x0 /usr/lib/gcc/x86_64-linux-gnu/4.3.2/../../../../lib/crt1.o
 .rela.text.ok  0x0000000000000000        0x0 /usr/lib/gcc/x86_64-linux-gnu/4.3.2/../../../../lib/crt1.o
 .rela.text.warn
                0x0000000000000000        0x0 /usr/lib/gcc/x86_64-linux-gnu/4.3.2/../../../../lib/crt1.o
 .rela.text.svstatus_get
                0x0000000000000000        0x0 /usr/lib/gcc/x86_64-linux-gnu/4.3.2/../../../../lib/crt1.o
 .rela.text.svstatus_print
                0x0000000000000000        0x0 /usr/lib/gcc/x86_64-linux-gnu/4.3.2/../../../../lib/crt1.o
 .rela.text.status
                0x0000000000000000        0x0 /usr/lib/gcc/x86_64-linux-gnu/4.3.2/../../../../lib/crt1.o
 .rela.text.fatal_cannot
                0x0000000000000000        0x0 /usr/lib/gcc/x86_64-linux-gnu/4.3.2/../../../../lib/crt1.o
 .rela.text.checkscript
                0x0000000000000000        0x0 /usr/lib/gcc/x86_64-linux-gnu/4.3.2/../../../../lib/crt1.o
 .rela.text.check
                0x0000000000000000        0x0 /usr/lib/gcc/x86_64-linux-gnu/4.3.2/../../../../lib/crt1.o
 .rela.text.control
                0x0000000000000000        0x0 /usr/lib/gcc/x86_64-linux-gnu/4.3.2/../../../../lib/crt1.o
 .rela.text.sv_main
                0x0000000000000000        0x0 /usr/lib/gcc/x86_64-linux-gnu/4.3.2/../../../../lib/crt1.o
 .rela.text.sig_hangup_handler
                0x0000000000000000        0x0 /usr/lib/gcc/x86_64-linux-gnu/4.3.2/../../../../lib/crt1.o
 .rela.text.sig_alarm_handler
                0x0000000000000000        0x0 /usr/lib/gcc/x86_64-linux-gnu/4.3.2/../../../../lib/crt1.o
 .rela.text.pause_nomem
                0x0000000000000000        0x0 /usr/lib/gcc/x86_64-linux-gnu/4.3.2/../../../../lib/crt1.o
 .rela.text.pause2cannot
                0x0000000000000000        0x0 /usr/lib/gcc/x86_64-linux-gnu/4.3.2/../../../../lib/crt1.o
 .rela.text.pause1cannot
                0x0000000000000000        0x0 /usr/lib/gcc/x86_64-linux-gnu/4.3.2/../../../../lib/crt1.o
 .rela.text.rmoldest
                0x0000000000000000        0x0 /usr/lib/gcc/x86_64-linux-gnu/4.3.2/../../../../lib/crt1.o
 .rela.text.fmt_time_bernstein_25
                0x0000000000000000        0x0 /usr/lib/gcc/x86_64-linux-gnu/4.3.2/../../../../lib/crt1.o
 .rela.text.logdir_close
                0x0000000000000000        0x0 /usr/lib/gcc/x86_64-linux-gnu/4.3.2/../../../../lib/crt1.o
 .rela.text.logdir_open
                0x0000000000000000        0x0 /usr/lib/gcc/x86_64-linux-gnu/4.3.2/../../../../lib/crt1.o
 .rela.text.logdirs_reopen
                0x0000000000000000        0x0 /usr/lib/gcc/x86_64-linux-gnu/4.3.2/../../../../lib/crt1.o
 .rela.text.processorstart
                0x0000000000000000        0x0 /usr/lib/gcc/x86_64-linux-gnu/4.3.2/../../../../lib/crt1.o
 .rela.text.processorstop
                0x0000000000000000        0x0 /usr/lib/gcc/x86_64-linux-gnu/4.3.2/../../../../lib/crt1.o
 .rela.text.rotate
                0x0000000000000000        0x0 /usr/lib/gcc/x86_64-linux-gnu/4.3.2/../../../../lib/crt1.o
 .rela.text.buffer_pread
                0x0000000000000000        0x0 /usr/lib/gcc/x86_64-linux-gnu/4.3.2/../../../../lib/crt1.o
 .rela.text.buffer_pwrite
                0x0000000000000000        0x0 /usr/lib/gcc/x86_64-linux-gnu/4.3.2/../../../../lib/crt1.o
 .rela.text.svlogd_main
                0x0000000000000000        0x0 /usr/lib/gcc/x86_64-linux-gnu/4.3.2/../../../../lib/crt1.o
 .rela.text.open_write
                0x0000000000000000        0x0 /usr/lib/gcc/x86_64-linux-gnu/4.3.2/../../../../lib/crt1.o
 .rela.text.open_trunc
                0x0000000000000000        0x0 /usr/lib/gcc/x86_64-linux-gnu/4.3.2/../../../../lib/crt1.o
 .rela.text.open_read
                0x0000000000000000        0x0 /usr/lib/gcc/x86_64-linux-gnu/4.3.2/../../../../lib/crt1.o
 .rela.text.open_append
                0x0000000000000000        0x0 /usr/lib/gcc/x86_64-linux-gnu/4.3.2/../../../../lib/crt1.o
 .rela.text.lock_exnb
                0x0000000000000000        0x0 /usr/lib/gcc/x86_64-linux-gnu/4.3.2/../../../../lib/crt1.o
 .rela.text.lock_ex
                0x0000000000000000        0x0 /usr/lib/gcc/x86_64-linux-gnu/4.3.2/../../../../lib/crt1.o
 .rela.text.stunalloc
                0x0000000000000000        0x0 /usr/lib/gcc/x86_64-linux-gnu/4.3.2/../../../../lib/crt1.o
 .rela.text.setstackmark
                0x0000000000000000        0x0 /usr/lib/gcc/x86_64-linux-gnu/4.3.2/../../../../lib/crt1.o
 .rela.text.hashvar
                0x0000000000000000        0x0 /usr/lib/gcc/x86_64-linux-gnu/4.3.2/../../../../lib/crt1.o
 .rela.text.freealias
                0x0000000000000000        0x0 /usr/lib/gcc/x86_64-linux-gnu/4.3.2/../../../../lib/crt1.o
 .rela.text.freeparam
                0x0000000000000000        0x0 /usr/lib/gcc/x86_64-linux-gnu/4.3.2/../../../../lib/crt1.o
 .rela.text.freefunc
                0x0000000000000000        0x0 /usr/lib/gcc/x86_64-linux-gnu/4.3.2/../../../../lib/crt1.o
 .rela.text.change_lc_ctype
                0x0000000000000000        0x0 /usr/lib/gcc/x86_64-linux-gnu/4.3.2/../../../../lib/crt1.o
 .rela.text.change_lc_all
                0x0000000000000000        0x0 /usr/lib/gcc/x86_64-linux-gnu/4.3.2/../../../../lib/crt1.o
 .rela.text.__lookupalias
                0x0000000000000000        0x0 /usr/lib/gcc/x86_64-linux-gnu/4.3.2/../../../../lib/crt1.o
 .rela.text.pstrcmp
                0x0000000000000000        0x0 /usr/lib/gcc/x86_64-linux-gnu/4.3.2/../../../../lib/crt1.o
 .rela.text.ignoresig
                0x0000000000000000        0x0 /usr/lib/gcc/x86_64-linux-gnu/4.3.2/../../../../lib/crt1.o
 .rela.text.raise_exception
                0x0000000000000000        0x0 /usr/lib/gcc/x86_64-linux-gnu/4.3.2/../../../../lib/crt1.o
 .rela.text.raise_interrupt
                0x0000000000000000        0x0 /usr/lib/gcc/x86_64-linux-gnu/4.3.2/../../../../lib/crt1.o
 .rela.text.int_on
                0x0000000000000000        0x0 /usr/lib/gcc/x86_64-linux-gnu/4.3.2/../../../../lib/crt1.o
 .rela.text.flush_stdout_stderr
                0x0000000000000000        0x0 /usr/lib/gcc/x86_64-linux-gnu/4.3.2/../../../../lib/crt1.o
 .rela.text.clearcmdentry
                0x0000000000000000        0x0 /usr/lib/gcc/x86_64-linux-gnu/4.3.2/../../../../lib/crt1.o
 .rela.text.changepath
                0x0000000000000000        0x0 /usr/lib/gcc/x86_64-linux-gnu/4.3.2/../../../../lib/crt1.o
 .rela.text.unalias